[0.329s] DEBUG:colcon:Command line arguments: ['/usr/bin/colcon', 'build', '--packages-select', 'jaime_interfaces']
[0.329s] DEBUG:colcon:Parsed command line arguments: Namespace(log_base=None, log_level=None, verb_name='build', build_base='build', install_base='install', merge_install=False, symlink_install=False, test_result_base=None, continue_on_error=False, executor='parallel', parallel_workers=8, event_handlers=None, ignore_user_meta=False, metas=['./colcon.meta'], base_paths=['.'], packages_ignore=None, packages_ignore_regex=None, paths=None, packages_up_to=None, packages_up_to_regex=None, packages_above=None, packages_above_and_dependencies=None, packages_above_depth=None, packages_select_by_dep=None, packages_skip_by_dep=None, packages_skip_up_to=None, packages_select_build_failed=False, packages_skip_build_finished=False, packages_select_test_failures=False, packages_skip_test_passed=False, packages_select=['jaime_interfaces'], packages_skip=None, packages_select_regex=None, packages_skip_regex=None, packages_start=None, packages_end=None, allow_overriding=[], cmake_args=None, cmake_target=None, cmake_target_skip_unavailable=False, cmake_clean_cache=False, cmake_clean_first=False, cmake_force_configure=False, ament_cmake_args=None, catkin_cmake_args=None, catkin_skip_building_tests=False, mixin_files=None, mixin=None, verb_parser=<colcon_mixin.mixin.mixin_argument.MixinArgumentDecorator object at 0x7b73b3d9e6f0>, verb_extension=<colcon_core.verb.build.BuildVerb object at 0x7b73b3d9e300>, main=<bound method BuildVerb.main of <colcon_core.verb.build.BuildVerb object at 0x7b73b3d9e300>>, mixin_verb=('build',))
[0.451s] Level 1:colcon.colcon_core.package_discovery:discover_packages(colcon_meta) check parameters
[0.451s] Level 1:colcon.colcon_core.package_discovery:discover_packages(recursive) check parameters
[0.451s] Level 1:colcon.colcon_core.package_discovery:discover_packages(ignore) check parameters
[0.451s] Level 1:colcon.colcon_core.package_discovery:discover_packages(path) check parameters
[0.451s] Level 1:colcon.colcon_core.package_discovery:discover_packages(colcon_meta) discover
[0.451s] Level 1:colcon.colcon_core.package_discovery:discover_packages(recursive) discover
[0.452s] INFO:colcon.colcon_core.package_discovery:Crawling recursively for packages in '/home/samuel/uchile_robotics_jaime/jaime_interfaces'
[0.452s] Level 1:colcon.colcon_core.package_identification:_identify(.) by extensions ['ignore', 'ignore_ament_install']
[0.452s] Level 1:colcon.colcon_core.package_identification:_identify(.) by extension 'ignore'
[0.452s] Level 1:colcon.colcon_core.package_identification:_identify(.) by extension 'ignore_ament_install'
[0.453s] Level 1:colcon.colcon_core.package_identification:_identify(.) by extensions ['colcon_pkg']
[0.453s] Level 1:colcon.colcon_core.package_identification:_identify(.) by extension 'colcon_pkg'
[0.453s] Level 1:colcon.colcon_core.package_identification:_identify(.) by extensions ['colcon_meta']
[0.453s] Level 1:colcon.colcon_core.package_identification:_identify(.) by extension 'colcon_meta'
[0.453s] Level 1:colcon.colcon_core.package_identification:_identify(.) by extensions ['ros']
[0.453s] Level 1:colcon.colcon_core.package_identification:_identify(.) by extension 'ros'
[0.515s] DEBUG:colcon.colcon_core.package_identification:Package '.' with type 'ros.ament_cmake' and name 'jaime_interfaces'
[0.516s] Level 1:colcon.colcon_core.package_discovery:discover_packages(recursive) using defaults
[0.516s] Level 1:colcon.colcon_core.package_discovery:discover_packages(ignore) discover
[0.516s] Level 1:colcon.colcon_core.package_discovery:discover_packages(ignore) using defaults
[0.516s] Level 1:colcon.colcon_core.package_discovery:discover_packages(path) discover
[0.516s] Level 1:colcon.colcon_core.package_discovery:discover_packages(path) using defaults
[0.564s] Level 1:colcon.colcon_core.package_discovery:discover_packages(prefix_path) check parameters
[0.564s] Level 1:colcon.colcon_core.package_discovery:discover_packages(prefix_path) discover
[0.574s] DEBUG:colcon.colcon_installed_package_information.package_discovery:Found 492 installed packages in /opt/ros/jazzy
[0.578s] Level 1:colcon.colcon_core.package_discovery:discover_packages(prefix_path) using defaults
[0.715s] Level 5:colcon.colcon_core.verb:set package 'jaime_interfaces' build argument 'cmake_args' from command line to 'None'
[0.715s] Level 5:colcon.colcon_core.verb:set package 'jaime_interfaces' build argument 'cmake_target' from command line to 'None'
[0.715s] Level 5:colcon.colcon_core.verb:set package 'jaime_interfaces' build argument 'cmake_target_skip_unavailable' from command line to 'False'
[0.715s] Level 5:colcon.colcon_core.verb:set package 'jaime_interfaces' build argument 'cmake_clean_cache' from command line to 'False'
[0.715s] Level 5:colcon.colcon_core.verb:set package 'jaime_interfaces' build argument 'cmake_clean_first' from command line to 'False'
[0.715s] Level 5:colcon.colcon_core.verb:set package 'jaime_interfaces' build argument 'cmake_force_configure' from command line to 'False'
[0.715s] Level 5:colcon.colcon_core.verb:set package 'jaime_interfaces' build argument 'ament_cmake_args' from command line to 'None'
[0.715s] Level 5:colcon.colcon_core.verb:set package 'jaime_interfaces' build argument 'catkin_cmake_args' from command line to 'None'
[0.715s] Level 5:colcon.colcon_core.verb:set package 'jaime_interfaces' build argument 'catkin_skip_building_tests' from command line to 'False'
[0.715s] DEBUG:colcon.colcon_core.verb:Building package 'jaime_interfaces' with the following arguments: {'ament_cmake_args': None, 'build_base': '/home/samuel/uchile_robotics_jaime/jaime_interfaces/build/jaime_interfaces', 'catkin_cmake_args': None, 'catkin_skip_building_tests': False, 'cmake_args': None, 'cmake_clean_cache': False, 'cmake_clean_first': False, 'cmake_force_configure': False, 'cmake_target': None, 'cmake_target_skip_unavailable': False, 'install_base': '/home/samuel/uchile_robotics_jaime/jaime_interfaces/install/jaime_interfaces', 'merge_install': False, 'path': '/home/samuel/uchile_robotics_jaime/jaime_interfaces', 'symlink_install': False, 'test_result_base': None}
[0.716s] INFO:colcon.colcon_core.executor:Executing jobs using 'parallel' executor
[0.717s] DEBUG:colcon.colcon_parallel_executor.executor.parallel:run_until_complete
[0.717s] INFO:colcon.colcon_ros.task.ament_cmake.build:Building ROS package in '/home/samuel/uchile_robotics_jaime/jaime_interfaces' with build type 'ament_cmake'
[0.718s] INFO:colcon.colcon_cmake.task.cmake.build:Building CMake package in '/home/samuel/uchile_robotics_jaime/jaime_interfaces'
[0.732s] INFO:colcon.colcon_core.plugin_system:Skipping extension 'colcon_core.shell.bat': Not used on non-Windows systems
[0.732s] INFO:colcon.colcon_core.shell:Skip shell extension 'powershell' for command environment: Not usable outside of PowerShell
[0.732s] DEBUG:colcon.colcon_core.shell:Skip shell extension 'dsv' for command environment
[0.749s] DEBUG:colcon.colcon_core.event_handler.log_command:Invoking command in '/home/samuel/uchile_robotics_jaime/jaime_interfaces/build/jaime_interfaces': CMAKE_PREFIX_PATH=${CMAKE_PREFIX_PATH}:/opt/ros/jazzy DEBUGINFOD_URLS=https://debuginfod.ubuntu.com /usr/bin/cmake /home/samuel/uchile_robotics_jaime/jaime_interfaces -DCMAKE_INSTALL_PREFIX=/home/samuel/uchile_robotics_jaime/jaime_interfaces/install/jaime_interfaces
[18.728s] DEBUG:colcon.colcon_core.event_handler.log_command:Invoked command in '/home/samuel/uchile_robotics_jaime/jaime_interfaces/build/jaime_interfaces' returned '0': CMAKE_PREFIX_PATH=${CMAKE_PREFIX_PATH}:/opt/ros/jazzy DEBUGINFOD_URLS=https://debuginfod.ubuntu.com /usr/bin/cmake /home/samuel/uchile_robotics_jaime/jaime_interfaces -DCMAKE_INSTALL_PREFIX=/home/samuel/uchile_robotics_jaime/jaime_interfaces/install/jaime_interfaces
[18.731s] DEBUG:colcon.colcon_core.event_handler.log_command:Invoking command in '/home/samuel/uchile_robotics_jaime/jaime_interfaces/build/jaime_interfaces': CMAKE_PREFIX_PATH=${CMAKE_PREFIX_PATH}:/opt/ros/jazzy DEBUGINFOD_URLS=https://debuginfod.ubuntu.com /usr/bin/cmake --build /home/samuel/uchile_robotics_jaime/jaime_interfaces/build/jaime_interfaces -- -j8 -l8
[25.083s] DEBUG:colcon.colcon_core.event_handler.log_command:Invoked command in '/home/samuel/uchile_robotics_jaime/jaime_interfaces/build/jaime_interfaces' returned '0': CMAKE_PREFIX_PATH=${CMAKE_PREFIX_PATH}:/opt/ros/jazzy DEBUGINFOD_URLS=https://debuginfod.ubuntu.com /usr/bin/cmake --build /home/samuel/uchile_robotics_jaime/jaime_interfaces/build/jaime_interfaces -- -j8 -l8
[25.105s] DEBUG:colcon.colcon_core.event_handler.log_command:Invoking command in '/home/samuel/uchile_robotics_jaime/jaime_interfaces/build/jaime_interfaces': CMAKE_PREFIX_PATH=${CMAKE_PREFIX_PATH}:/opt/ros/jazzy DEBUGINFOD_URLS=https://debuginfod.ubuntu.com /usr/bin/cmake --install /home/samuel/uchile_robotics_jaime/jaime_interfaces/build/jaime_interfaces
[25.367s] Level 1:colcon.colcon_core.environment:create_environment_scripts_only(jaime_interfaces)
[25.368s] DEBUG:colcon.colcon_core.event_handler.log_command:Invoked command in '/home/samuel/uchile_robotics_jaime/jaime_interfaces/build/jaime_interfaces' returned '0': CMAKE_PREFIX_PATH=${CMAKE_PREFIX_PATH}:/opt/ros/jazzy DEBUGINFOD_URLS=https://debuginfod.ubuntu.com /usr/bin/cmake --install /home/samuel/uchile_robotics_jaime/jaime_interfaces/build/jaime_interfaces
[25.377s] Level 1:colcon.colcon_core.environment:checking '/home/samuel/uchile_robotics_jaime/jaime_interfaces/install/jaime_interfaces' for CMake module files
[25.378s] Level 1:colcon.colcon_core.environment:checking '/home/samuel/uchile_robotics_jaime/jaime_interfaces/install/jaime_interfaces' for CMake config files
[25.379s] Level 1:colcon.colcon_core.shell:create_environment_hook('jaime_interfaces', 'cmake_prefix_path')
[25.379s] INFO:colcon.colcon_core.shell:Creating environment hook '/home/samuel/uchile_robotics_jaime/jaime_interfaces/install/jaime_interfaces/share/jaime_interfaces/hook/cmake_prefix_path.ps1'
[25.381s] INFO:colcon.colcon_core.shell:Creating environment descriptor '/home/samuel/uchile_robotics_jaime/jaime_interfaces/install/jaime_interfaces/share/jaime_interfaces/hook/cmake_prefix_path.dsv'
[25.382s] INFO:colcon.colcon_core.shell:Creating environment hook '/home/samuel/uchile_robotics_jaime/jaime_interfaces/install/jaime_interfaces/share/jaime_interfaces/hook/cmake_prefix_path.sh'
[25.384s] Level 1:colcon.colcon_core.environment:checking '/home/samuel/uchile_robotics_jaime/jaime_interfaces/install/jaime_interfaces/lib'
[25.385s] Level 1:colcon.colcon_core.shell:create_environment_hook('jaime_interfaces', 'ld_library_path_lib')
[25.385s] INFO:colcon.colcon_core.shell:Creating environment hook '/home/samuel/uchile_robotics_jaime/jaime_interfaces/install/jaime_interfaces/share/jaime_interfaces/hook/ld_library_path_lib.ps1'
[25.386s] INFO:colcon.colcon_core.shell:Creating environment descriptor '/home/samuel/uchile_robotics_jaime/jaime_interfaces/install/jaime_interfaces/share/jaime_interfaces/hook/ld_library_path_lib.dsv'
[25.387s] INFO:colcon.colcon_core.shell:Creating environment hook '/home/samuel/uchile_robotics_jaime/jaime_interfaces/install/jaime_interfaces/share/jaime_interfaces/hook/ld_library_path_lib.sh'
[25.388s] Level 1:colcon.colcon_core.environment:checking '/home/samuel/uchile_robotics_jaime/jaime_interfaces/install/jaime_interfaces/bin'
[25.388s] Level 1:colcon.colcon_core.environment:checking '/home/samuel/uchile_robotics_jaime/jaime_interfaces/install/jaime_interfaces/lib/pkgconfig/jaime_interfaces.pc'
[25.388s] Level 1:colcon.colcon_core.environment:checking '/home/samuel/uchile_robotics_jaime/jaime_interfaces/install/jaime_interfaces/lib/python3.12/site-packages'
[25.389s] Level 1:colcon.colcon_core.shell:create_environment_hook('jaime_interfaces', 'pythonpath')
[25.389s] INFO:colcon.colcon_core.shell:Creating environment hook '/home/samuel/uchile_robotics_jaime/jaime_interfaces/install/jaime_interfaces/share/jaime_interfaces/hook/pythonpath.ps1'
[25.390s] INFO:colcon.colcon_core.shell:Creating environment descriptor '/home/samuel/uchile_robotics_jaime/jaime_interfaces/install/jaime_interfaces/share/jaime_interfaces/hook/pythonpath.dsv'
[25.390s] INFO:colcon.colcon_core.shell:Creating environment hook '/home/samuel/uchile_robotics_jaime/jaime_interfaces/install/jaime_interfaces/share/jaime_interfaces/hook/pythonpath.sh'
[25.392s] Level 1:colcon.colcon_core.environment:checking '/home/samuel/uchile_robotics_jaime/jaime_interfaces/install/jaime_interfaces/bin'
[25.392s] INFO:colcon.colcon_core.shell:Creating package script '/home/samuel/uchile_robotics_jaime/jaime_interfaces/install/jaime_interfaces/share/jaime_interfaces/package.ps1'
[25.395s] INFO:colcon.colcon_core.shell:Creating package descriptor '/home/samuel/uchile_robotics_jaime/jaime_interfaces/install/jaime_interfaces/share/jaime_interfaces/package.dsv'
[25.398s] INFO:colcon.colcon_core.shell:Creating package script '/home/samuel/uchile_robotics_jaime/jaime_interfaces/install/jaime_interfaces/share/jaime_interfaces/package.sh'
[25.399s] INFO:colcon.colcon_core.shell:Creating package script '/home/samuel/uchile_robotics_jaime/jaime_interfaces/install/jaime_interfaces/share/jaime_interfaces/package.bash'
[25.401s] INFO:colcon.colcon_core.shell:Creating package script '/home/samuel/uchile_robotics_jaime/jaime_interfaces/install/jaime_interfaces/share/jaime_interfaces/package.zsh'
[25.403s] Level 1:colcon.colcon_core.environment:create_file_with_runtime_dependencies(/home/samuel/uchile_robotics_jaime/jaime_interfaces/install/jaime_interfaces/share/colcon-core/packages/jaime_interfaces)
[25.405s] Level 1:colcon.colcon_core.environment:create_environment_scripts_only(jaime_interfaces)
[25.405s] Level 1:colcon.colcon_core.environment:checking '/home/samuel/uchile_robotics_jaime/jaime_interfaces/install/jaime_interfaces' for CMake module files
[25.407s] Level 1:colcon.colcon_core.environment:checking '/home/samuel/uchile_robotics_jaime/jaime_interfaces/install/jaime_interfaces' for CMake config files
[25.408s] Level 1:colcon.colcon_core.shell:create_environment_hook('jaime_interfaces', 'cmake_prefix_path')
[25.409s] INFO:colcon.colcon_core.shell:Creating environment hook '/home/samuel/uchile_robotics_jaime/jaime_interfaces/install/jaime_interfaces/share/jaime_interfaces/hook/cmake_prefix_path.ps1'
[25.410s] INFO:colcon.colcon_core.shell:Creating environment descriptor '/home/samuel/uchile_robotics_jaime/jaime_interfaces/install/jaime_interfaces/share/jaime_interfaces/hook/cmake_prefix_path.dsv'
[25.410s] INFO:colcon.colcon_core.shell:Creating environment hook '/home/samuel/uchile_robotics_jaime/jaime_interfaces/install/jaime_interfaces/share/jaime_interfaces/hook/cmake_prefix_path.sh'
[25.411s] Level 1:colcon.colcon_core.environment:checking '/home/samuel/uchile_robotics_jaime/jaime_interfaces/install/jaime_interfaces/lib'
[25.412s] Level 1:colcon.colcon_core.shell:create_environment_hook('jaime_interfaces', 'ld_library_path_lib')
[25.412s] INFO:colcon.colcon_core.shell:Creating environment hook '/home/samuel/uchile_robotics_jaime/jaime_interfaces/install/jaime_interfaces/share/jaime_interfaces/hook/ld_library_path_lib.ps1'
[25.413s] INFO:colcon.colcon_core.shell:Creating environment descriptor '/home/samuel/uchile_robotics_jaime/jaime_interfaces/install/jaime_interfaces/share/jaime_interfaces/hook/ld_library_path_lib.dsv'
[25.413s] INFO:colcon.colcon_core.shell:Creating environment hook '/home/samuel/uchile_robotics_jaime/jaime_interfaces/install/jaime_interfaces/share/jaime_interfaces/hook/ld_library_path_lib.sh'
[25.434s] Level 1:colcon.colcon_core.environment:checking '/home/samuel/uchile_robotics_jaime/jaime_interfaces/install/jaime_interfaces/bin'
[25.434s] Level 1:colcon.colcon_core.environment:checking '/home/samuel/uchile_robotics_jaime/jaime_interfaces/install/jaime_interfaces/lib/pkgconfig/jaime_interfaces.pc'
[25.434s] Level 1:colcon.colcon_core.environment:checking '/home/samuel/uchile_robotics_jaime/jaime_interfaces/install/jaime_interfaces/lib/python3.12/site-packages'
[25.435s] Level 1:colcon.colcon_core.shell:create_environment_hook('jaime_interfaces', 'pythonpath')
[25.435s] INFO:colcon.colcon_core.shell:Creating environment hook '/home/samuel/uchile_robotics_jaime/jaime_interfaces/install/jaime_interfaces/share/jaime_interfaces/hook/pythonpath.ps1'
[25.436s] INFO:colcon.colcon_core.shell:Creating environment descriptor '/home/samuel/uchile_robotics_jaime/jaime_interfaces/install/jaime_interfaces/share/jaime_interfaces/hook/pythonpath.dsv'
[25.437s] INFO:colcon.colcon_core.shell:Creating environment hook '/home/samuel/uchile_robotics_jaime/jaime_interfaces/install/jaime_interfaces/share/jaime_interfaces/hook/pythonpath.sh'
[25.438s] Level 1:colcon.colcon_core.environment:checking '/home/samuel/uchile_robotics_jaime/jaime_interfaces/install/jaime_interfaces/bin'
[25.439s] INFO:colcon.colcon_core.shell:Creating package script '/home/samuel/uchile_robotics_jaime/jaime_interfaces/install/jaime_interfaces/share/jaime_interfaces/package.ps1'
[25.440s] INFO:colcon.colcon_core.shell:Creating package descriptor '/home/samuel/uchile_robotics_jaime/jaime_interfaces/install/jaime_interfaces/share/jaime_interfaces/package.dsv'
[25.441s] INFO:colcon.colcon_core.shell:Creating package script '/home/samuel/uchile_robotics_jaime/jaime_interfaces/install/jaime_interfaces/share/jaime_interfaces/package.sh'
[25.442s] INFO:colcon.colcon_core.shell:Creating package script '/home/samuel/uchile_robotics_jaime/jaime_interfaces/install/jaime_interfaces/share/jaime_interfaces/package.bash'
[25.443s] INFO:colcon.colcon_core.shell:Creating package script '/home/samuel/uchile_robotics_jaime/jaime_interfaces/install/jaime_interfaces/share/jaime_interfaces/package.zsh'
[25.444s] Level 1:colcon.colcon_core.environment:create_file_with_runtime_dependencies(/home/samuel/uchile_robotics_jaime/jaime_interfaces/install/jaime_interfaces/share/colcon-core/packages/jaime_interfaces)
[25.444s] DEBUG:colcon.colcon_parallel_executor.executor.parallel:closing loop
[25.445s] DEBUG:colcon.colcon_parallel_executor.executor.parallel:loop closed
[25.445s] DEBUG:colcon.colcon_parallel_executor.executor.parallel:run_until_complete finished with '0'
[25.445s] DEBUG:colcon.colcon_core.event_reactor:joining thread
[25.457s] INFO:colcon.colcon_core.plugin_system:Skipping extension 'colcon_notification.desktop_notification.terminal_notifier': Not used on non-Darwin systems
[25.458s] INFO:colcon.colcon_core.plugin_system:Skipping extension 'colcon_notification.desktop_notification.win32': Not used on non-Windows systems
[25.458s] INFO:colcon.colcon_notification.desktop_notification:Sending desktop notification using 'notify2'
[25.488s] DEBUG:colcon.colcon_core.event_reactor:joined thread
[25.489s] INFO:colcon.colcon_core.shell:Creating prefix script '/home/samuel/uchile_robotics_jaime/jaime_interfaces/install/local_setup.ps1'
[25.491s] INFO:colcon.colcon_core.shell:Creating prefix util module '/home/samuel/uchile_robotics_jaime/jaime_interfaces/install/_local_setup_util_ps1.py'
[25.494s] INFO:colcon.colcon_core.shell:Creating prefix chain script '/home/samuel/uchile_robotics_jaime/jaime_interfaces/install/setup.ps1'
[25.496s] INFO:colcon.colcon_core.shell:Creating prefix script '/home/samuel/uchile_robotics_jaime/jaime_interfaces/install/local_setup.sh'
[25.497s] INFO:colcon.colcon_core.shell:Creating prefix util module '/home/samuel/uchile_robotics_jaime/jaime_interfaces/install/_local_setup_util_sh.py'
[25.498s] INFO:colcon.colcon_core.shell:Creating prefix chain script '/home/samuel/uchile_robotics_jaime/jaime_interfaces/install/setup.sh'
[25.500s] INFO:colcon.colcon_core.shell:Creating prefix script '/home/samuel/uchile_robotics_jaime/jaime_interfaces/install/local_setup.bash'
[25.502s] INFO:colcon.colcon_core.shell:Creating prefix chain script '/home/samuel/uchile_robotics_jaime/jaime_interfaces/install/setup.bash'
[25.504s] INFO:colcon.colcon_core.shell:Creating prefix script '/home/samuel/uchile_robotics_jaime/jaime_interfaces/install/local_setup.zsh'
[25.505s] INFO:colcon.colcon_core.shell:Creating prefix chain script '/home/samuel/uchile_robotics_jaime/jaime_interfaces/install/setup.zsh'
