-- Found ament_cmake: 2.5.6 (/opt/ros/jazzy/share/ament_cmake/cmake)
-- Override CMake install command with custom implementation using symlinks instead of copying resources
-- Found jaime_interfaces: 0.0.0 (/home/jaime_ws/install/jaime_interfaces/share/jaime_interfaces/cmake)
-- Found rosidl_generator_c: 4.6.9 (/opt/ros/jazzy/share/rosidl_generator_c/cmake)
-- Found rosidl_generator_cpp: 4.6.9 (/opt/ros/jazzy/share/rosidl_generator_cpp/cmake)
-- Using all available rosidl_typesupport_c: rosidl_typesupport_fastrtps_c;rosidl_typesupport_introspection_c
-- Using all available rosidl_typesupport_cpp: rosidl_typesupport_fastrtps_cpp;rosidl_typesupport_introspection_cpp
-- Found rclpy: 7.1.11 (/opt/ros/jazzy/share/rclpy/cmake)
-- Found tf2_ros: 0.36.21 (/opt/ros/jazzy/share/tf2_ros/cmake)
-- Found rmw_implementation_cmake: 7.3.3 (/opt/ros/jazzy/share/rmw_implementation_cmake/cmake)
-- Found rmw_cyclonedds_cpp: 2.2.3 (/opt/ros/jazzy/share/rmw_cyclonedds_cpp/cmake)
-- Using RMW implementation 'rmw_cyclonedds_cpp' as default
-- Found nav_msgs: 5.3.8 (/opt/ros/jazzy/share/nav_msgs/cmake)
-- Configuring done (1.7s)
-- Generating done (0.0s)
-- Build files have been written to: /home/jaime_ws/src/jaime_bringup/build/jaime_bringup
-- Install configuration: ""
-- Execute custom install script
[33mCMake Warning (dev) at ament_cmake_symlink_install/ament_cmake_symlink_install.cmake:67 (file):
  Policy CMP0009 is not set: FILE GLOB_RECURSE calls should not follow
  symlinks by default.  Run "cmake --help-policy CMP0009" for policy details.
  Use the cmake_policy command to set the policy and suppress this warning.
Call Stack (most recent call first):
  ament_cmake_symlink_install/ament_cmake_symlink_install.cmake:319 (ament_cmake_symlink_install_directory)
  cmake_install.cmake:46 (include)
This warning is for project developers.  Use -Wno-dev to suppress it.
[0m
-- Symlinking: /home/jaime_ws/src/jaime_bringup/install/jaime_bringup/share/jaime_bringup//launch/build/.built_by
-- Symlinking: /home/jaime_ws/src/jaime_bringup/install/jaime_bringup/share/jaime_bringup//launch/build/COLCON_IGNORE
-- Symlinking: /home/jaime_ws/src/jaime_bringup/install/jaime_bringup/share/jaime_bringup//launch/install/.colcon_install_layout
-- Symlinking: /home/jaime_ws/src/jaime_bringup/install/jaime_bringup/share/jaime_bringup//launch/install/COLCON_IGNORE
-- Symlinking: /home/jaime_ws/src/jaime_bringup/install/jaime_bringup/share/jaime_bringup//launch/install/_local_setup_util_ps1.py
-- Symlinking: /home/jaime_ws/src/jaime_bringup/install/jaime_bringup/share/jaime_bringup//launch/install/_local_setup_util_sh.py
-- Symlinking: /home/jaime_ws/src/jaime_bringup/install/jaime_bringup/share/jaime_bringup//launch/install/local_setup.bash
-- Symlinking: /home/jaime_ws/src/jaime_bringup/install/jaime_bringup/share/jaime_bringup//launch/install/local_setup.ps1
-- Symlinking: /home/jaime_ws/src/jaime_bringup/install/jaime_bringup/share/jaime_bringup//launch/install/local_setup.sh
-- Symlinking: /home/jaime_ws/src/jaime_bringup/install/jaime_bringup/share/jaime_bringup//launch/install/local_setup.zsh
-- Symlinking: /home/jaime_ws/src/jaime_bringup/install/jaime_bringup/share/jaime_bringup//launch/install/setup.bash
-- Symlinking: /home/jaime_ws/src/jaime_bringup/install/jaime_bringup/share/jaime_bringup//launch/install/setup.ps1
-- Symlinking: /home/jaime_ws/src/jaime_bringup/install/jaime_bringup/share/jaime_bringup//launch/install/setup.sh
-- Symlinking: /home/jaime_ws/src/jaime_bringup/install/jaime_bringup/share/jaime_bringup//launch/install/setup.zsh
-- Symlinking: /home/jaime_ws/src/jaime_bringup/install/jaime_bringup/share/jaime_bringup//launch/localization/jaime_cartographer.launch.py
-- Symlinking: /home/jaime_ws/src/jaime_bringup/install/jaime_bringup/share/jaime_bringup//launch/localization/localization_launch.py
-- Symlinking: /home/jaime_ws/src/jaime_bringup/install/jaime_bringup/share/jaime_bringup//launch/localization/slam_toolbox.launch.py
-- Symlinking: /home/jaime_ws/src/jaime_bringup/install/jaime_bringup/share/jaime_bringup//launch/log/COLCON_IGNORE
-- Symlinking: /home/jaime_ws/src/jaime_bringup/install/jaime_bringup/share/jaime_bringup//launch/log/build_2025-12-11_09-33-34/events.log
-- Symlinking: /home/jaime_ws/src/jaime_bringup/install/jaime_bringup/share/jaime_bringup//launch/log/build_2025-12-11_09-33-34/logger_all.log
-- Up-to-date symlink: /home/jaime_ws/src/jaime_bringup/install/jaime_bringup/share/jaime_bringup//launch/log/latest/events.log
-- Up-to-date symlink: /home/jaime_ws/src/jaime_bringup/install/jaime_bringup/share/jaime_bringup//launch/log/latest/logger_all.log
-- Up-to-date symlink: /home/jaime_ws/src/jaime_bringup/install/jaime_bringup/share/jaime_bringup//launch/log/latest_build/events.log
-- Up-to-date symlink: /home/jaime_ws/src/jaime_bringup/install/jaime_bringup/share/jaime_bringup//launch/log/latest_build/logger_all.log
-- Symlinking: /home/jaime_ws/src/jaime_bringup/install/jaime_bringup/share/jaime_bringup//launch/managers/system_managers.launch.py
-- Symlinking: /home/jaime_ws/src/jaime_bringup/install/jaime_bringup/share/jaime_bringup//launch/navigation/navigation_launch.py
-- Symlinking: /home/jaime_ws/src/jaime_bringup/install/jaime_bringup/share/jaime_bringup//launch/robot/__pycache__/jaime_basic.launch.cpython-312.pyc
-- Symlinking: /home/jaime_ws/src/jaime_bringup/install/jaime_bringup/share/jaime_bringup//launch/robot/__pycache__/jaime_full.launch.cpython-312.pyc
-- Symlinking: /home/jaime_ws/src/jaime_bringup/install/jaime_bringup/share/jaime_bringup//launch/robot/jaime_basic.launch.py
-- Symlinking: /home/jaime_ws/src/jaime_bringup/install/jaime_bringup/share/jaime_bringup//launch/robot/jaime_full.launch.py
-- Symlinking: /home/jaime_ws/src/jaime_bringup/install/jaime_bringup/share/jaime_bringup//launch/robot/jaime_slam.launch.py
-- Symlinking: /home/jaime_ws/src/jaime_bringup/install/jaime_bringup/share/jaime_bringup//launch/tools/rviz/jaime.rviz
[33mCMake Warning (dev) at ament_cmake_symlink_install/ament_cmake_symlink_install.cmake:67 (file):
  Policy CMP0009 is not set: FILE GLOB_RECURSE calls should not follow
  symlinks by default.  Run "cmake --help-policy CMP0009" for policy details.
  Use the cmake_policy command to set the policy and suppress this warning.
Call Stack (most recent call first):
  ament_cmake_symlink_install/ament_cmake_symlink_install.cmake:322 (ament_cmake_symlink_install_directory)
  cmake_install.cmake:46 (include)
This warning is for project developers.  Use -Wno-dev to suppress it.
[0m
-- Symlinking: /home/jaime_ws/src/jaime_bringup/install/jaime_bringup/share/jaime_bringup/maps//31_jul_2025_stage_auto/mapa.pgm
-- Symlinking: /home/jaime_ws/src/jaime_bringup/install/jaime_bringup/share/jaime_bringup/maps//31_jul_2025_stage_auto/mapa.yaml
-- Symlinking: /home/jaime_ws/src/jaime_bringup/install/jaime_bringup/share/jaime_bringup/maps//env_30_may_2025/env_30_may_2025.pgm
-- Symlinking: /home/jaime_ws/src/jaime_bringup/install/jaime_bringup/share/jaime_bringup/maps//env_30_may_2025/env_30_may_2025.yaml
-- Symlinking: /home/jaime_ws/src/jaime_bringup/install/jaime_bringup/share/jaime_bringup/maps//mapa_lab_21_04.pgm
-- Symlinking: /home/jaime_ws/src/jaime_bringup/install/jaime_bringup/share/jaime_bringup/maps//mapa_lab_21_04.yaml
-- Symlinking: /home/jaime_ws/src/jaime_bringup/install/jaime_bringup/share/jaime_bringup/maps//mapa_lab_22_04.pgm
-- Symlinking: /home/jaime_ws/src/jaime_bringup/install/jaime_bringup/share/jaime_bringup/maps//mapa_lab_22_04.yaml
-- Symlinking: /home/jaime_ws/src/jaime_bringup/install/jaime_bringup/share/jaime_bringup/maps//quimica/quimica_autonomo.pgm
-- Symlinking: /home/jaime_ws/src/jaime_bringup/install/jaime_bringup/share/jaime_bringup/maps//quimica/quimica_autonomo.yaml
-- Symlinking: /home/jaime_ws/src/jaime_bringup/install/jaime_bringup/share/jaime_bringup/maps//quimica/quimica_manual.pgm
-- Symlinking: /home/jaime_ws/src/jaime_bringup/install/jaime_bringup/share/jaime_bringup/maps//quimica/quimica_manual.yaml
-- Symlinking: /home/jaime_ws/src/jaime_bringup/install/jaime_bringup/share/jaime_bringup/maps//stage_5_may_2025/build/.built_by
-- Symlinking: /home/jaime_ws/src/jaime_bringup/install/jaime_bringup/share/jaime_bringup/maps//stage_5_may_2025/build/COLCON_IGNORE
-- Symlinking: /home/jaime_ws/src/jaime_bringup/install/jaime_bringup/share/jaime_bringup/maps//stage_5_may_2025/install/.colcon_install_layout
-- Symlinking: /home/jaime_ws/src/jaime_bringup/install/jaime_bringup/share/jaime_bringup/maps//stage_5_may_2025/install/COLCON_IGNORE
-- Symlinking: /home/jaime_ws/src/jaime_bringup/install/jaime_bringup/share/jaime_bringup/maps//stage_5_may_2025/install/_local_setup_util_ps1.py
-- Symlinking: /home/jaime_ws/src/jaime_bringup/install/jaime_bringup/share/jaime_bringup/maps//stage_5_may_2025/install/_local_setup_util_sh.py
-- Symlinking: /home/jaime_ws/src/jaime_bringup/install/jaime_bringup/share/jaime_bringup/maps//stage_5_may_2025/install/local_setup.bash
-- Symlinking: /home/jaime_ws/src/jaime_bringup/install/jaime_bringup/share/jaime_bringup/maps//stage_5_may_2025/install/local_setup.ps1
-- Symlinking: /home/jaime_ws/src/jaime_bringup/install/jaime_bringup/share/jaime_bringup/maps//stage_5_may_2025/install/local_setup.sh
-- Symlinking: /home/jaime_ws/src/jaime_bringup/install/jaime_bringup/share/jaime_bringup/maps//stage_5_may_2025/install/local_setup.zsh
-- Symlinking: /home/jaime_ws/src/jaime_bringup/install/jaime_bringup/share/jaime_bringup/maps//stage_5_may_2025/install/setup.bash
-- Symlinking: /home/jaime_ws/src/jaime_bringup/install/jaime_bringup/share/jaime_bringup/maps//stage_5_may_2025/install/setup.ps1
-- Symlinking: /home/jaime_ws/src/jaime_bringup/install/jaime_bringup/share/jaime_bringup/maps//stage_5_may_2025/install/setup.sh
-- Symlinking: /home/jaime_ws/src/jaime_bringup/install/jaime_bringup/share/jaime_bringup/maps//stage_5_may_2025/install/setup.zsh
-- Symlinking: /home/jaime_ws/src/jaime_bringup/install/jaime_bringup/share/jaime_bringup/maps//stage_5_may_2025/log/COLCON_IGNORE
-- Symlinking: /home/jaime_ws/src/jaime_bringup/install/jaime_bringup/share/jaime_bringup/maps//stage_5_may_2025/log/build_2025-12-10_22-09-44/events.log
-- Symlinking: /home/jaime_ws/src/jaime_bringup/install/jaime_bringup/share/jaime_bringup/maps//stage_5_may_2025/log/build_2025-12-10_22-09-44/logger_all.log
-- Up-to-date symlink: /home/jaime_ws/src/jaime_bringup/install/jaime_bringup/share/jaime_bringup/maps//stage_5_may_2025/log/latest/events.log
-- Up-to-date symlink: /home/jaime_ws/src/jaime_bringup/install/jaime_bringup/share/jaime_bringup/maps//stage_5_may_2025/log/latest/logger_all.log
-- Up-to-date symlink: /home/jaime_ws/src/jaime_bringup/install/jaime_bringup/share/jaime_bringup/maps//stage_5_may_2025/log/latest_build/events.log
-- Up-to-date symlink: /home/jaime_ws/src/jaime_bringup/install/jaime_bringup/share/jaime_bringup/maps//stage_5_may_2025/log/latest_build/logger_all.log
-- Symlinking: /home/jaime_ws/src/jaime_bringup/install/jaime_bringup/share/jaime_bringup/maps//stage_5_may_2025/stage_5_may_2025.pgm
-- Symlinking: /home/jaime_ws/src/jaime_bringup/install/jaime_bringup/share/jaime_bringup/maps//stage_5_may_2025/stage_5_may_2025.yaml
-- Symlinking: /home/jaime_ws/src/jaime_bringup/install/jaime_bringup/share/jaime_bringup/params//localization/amcl.yaml
-- Symlinking: /home/jaime_ws/src/jaime_bringup/install/jaime_bringup/share/jaime_bringup/params//localization/cartographer/cartographer_config.lua
-- Symlinking: /home/jaime_ws/src/jaime_bringup/install/jaime_bringup/share/jaime_bringup/params//localization/cartographer/map_builder.lua
-- Symlinking: /home/jaime_ws/src/jaime_bringup/install/jaime_bringup/share/jaime_bringup/params//localization/cartographer/map_builder_server.lua
-- Symlinking: /home/jaime_ws/src/jaime_bringup/install/jaime_bringup/share/jaime_bringup/params//localization/cartographer/no_tengo_idea_porque_lua.txt
-- Symlinking: /home/jaime_ws/src/jaime_bringup/install/jaime_bringup/share/jaime_bringup/params//localization/cartographer/pose_graph.lua
-- Symlinking: /home/jaime_ws/src/jaime_bringup/install/jaime_bringup/share/jaime_bringup/params//localization/cartographer/trajectory_builder.lua
-- Symlinking: /home/jaime_ws/src/jaime_bringup/install/jaime_bringup/share/jaime_bringup/params//localization/cartographer/trajectory_builder_2d.lua
-- Symlinking: /home/jaime_ws/src/jaime_bringup/install/jaime_bringup/share/jaime_bringup/params//localization/cartographer/trajectory_builder_3d.lua
-- Symlinking: /home/jaime_ws/src/jaime_bringup/install/jaime_bringup/share/jaime_bringup/params//localization/mapper_params_online_async.yaml
-- Symlinking: /home/jaime_ws/src/jaime_bringup/install/jaime_bringup/share/jaime_bringup/params//maps/maps.yaml
-- Symlinking: /home/jaime_ws/src/jaime_bringup/install/jaime_bringup/share/jaime_bringup/params//navigation/nav2_params.yaml
-- Symlinking: /home/jaime_ws/src/jaime_bringup/install/jaime_bringup/lib/jaime_bringup/localization_manager.py
-- Symlinking: /home/jaime_ws/src/jaime_bringup/install/jaime_bringup/lib/jaime_bringup/basic_manager.py
-- Up-to-date symlink: /home/jaime_ws/src/jaime_bringup/install/jaime_bringup/lib/jaime_bringup/localization_manager.py
-- Symlinking: /home/jaime_ws/src/jaime_bringup/install/jaime_bringup/lib/jaime_bringup/navigation_manager.py
-- Symlinking: /home/jaime_ws/src/jaime_bringup/install/jaime_bringup/lib/jaime_bringup/tablet_manager.py
-- Symlinking: /home/jaime_ws/src/jaime_bringup/install/jaime_bringup/lib/jaime_bringup/percepcion_manager.py
-- Symlinking: /home/jaime_ws/src/jaime_bringup/install/jaime_bringup/share/ament_index/resource_index/package_run_dependencies/jaime_bringup
-- Symlinking: /home/jaime_ws/src/jaime_bringup/install/jaime_bringup/share/ament_index/resource_index/parent_prefix_path/jaime_bringup
-- Symlinking: /home/jaime_ws/src/jaime_bringup/install/jaime_bringup/share/jaime_bringup/environment/ament_prefix_path.sh
-- Symlinking: /home/jaime_ws/src/jaime_bringup/install/jaime_bringup/share/jaime_bringup/environment/ament_prefix_path.dsv
-- Symlinking: /home/jaime_ws/src/jaime_bringup/install/jaime_bringup/share/jaime_bringup/environment/path.sh
-- Symlinking: /home/jaime_ws/src/jaime_bringup/install/jaime_bringup/share/jaime_bringup/environment/path.dsv
-- Symlinking: /home/jaime_ws/src/jaime_bringup/install/jaime_bringup/share/jaime_bringup/local_setup.bash
-- Symlinking: /home/jaime_ws/src/jaime_bringup/install/jaime_bringup/share/jaime_bringup/local_setup.sh
-- Symlinking: /home/jaime_ws/src/jaime_bringup/install/jaime_bringup/share/jaime_bringup/local_setup.zsh
-- Symlinking: /home/jaime_ws/src/jaime_bringup/install/jaime_bringup/share/jaime_bringup/local_setup.dsv
-- Symlinking: /home/jaime_ws/src/jaime_bringup/install/jaime_bringup/share/jaime_bringup/package.dsv
-- Symlinking: /home/jaime_ws/src/jaime_bringup/install/jaime_bringup/share/ament_index/resource_index/packages/jaime_bringup
-- Symlinking: /home/jaime_ws/src/jaime_bringup/install/jaime_bringup/share/jaime_bringup/cmake/jaime_bringupConfig.cmake
-- Symlinking: /home/jaime_ws/src/jaime_bringup/install/jaime_bringup/share/jaime_bringup/cmake/jaime_bringupConfig-version.cmake
-- Symlinking: /home/jaime_ws/src/jaime_bringup/install/jaime_bringup/share/jaime_bringup/package.xml
