[0.028s] Invoking command in '/home/samuel/uchile_robotics_jaime/build/jaime_interfaces': CMAKE_PREFIX_PATH=${CMAKE_PREFIX_PATH}:/opt/ros/jazzy DEBUGINFOD_URLS=https://debuginfod.ubuntu.com /usr/bin/cmake /home/samuel/uchile_robotics_jaime/jaime_interfaces -DCMAKE_INSTALL_PREFIX=/home/samuel/uchile_robotics_jaime/install/jaime_interfaces
[0.147s] -- The C compiler identification is GNU 13.3.0
[0.281s] -- The CXX compiler identification is GNU 13.3.0
[0.322s] -- Detecting C compiler ABI info
[0.516s] -- Detecting C compiler ABI info - done
[0.542s] -- Check for working C compiler: /usr/bin/cc - skipped
[0.543s] -- Detecting C compile features
[0.544s] -- Detecting C compile features - done
[0.563s] -- Detecting CXX compiler ABI info
[0.790s] -- Detecting CXX compiler ABI info - done
[0.829s] -- Check for working CXX compiler: /usr/bin/c++ - skipped
[0.830s] -- Detecting CXX compile features
[0.831s] -- Detecting CXX compile features - done
[0.849s] -- Found ament_cmake: 2.5.6 (/opt/ros/jazzy/share/ament_cmake/cmake)
[1.992s] -- Found Python3: /home/samuel/.pyenv/shims/python3 (found version "3.12.3") found components: Interpreter 
[2.382s] -- Found rosidl_default_generators: 1.6.1 (/opt/ros/jazzy/share/rosidl_default_generators/cmake)
[2.403s] -- Using all available rosidl_typesupport_c: rosidl_typesupport_fastrtps_c;rosidl_typesupport_introspection_c
[2.571s] -- Using all available rosidl_typesupport_cpp: rosidl_typesupport_fastrtps_cpp;rosidl_typesupport_introspection_cpp
[2.718s] -- Found rosidl_adapter: 4.6.9 (/opt/ros/jazzy/share/rosidl_adapter/cmake)
[2.733s] -- Found geometry_msgs: 5.3.8 (/opt/ros/jazzy/share/geometry_msgs/cmake)
[7.216s] -- Found ament_cmake_ros: 0.12.1 (/opt/ros/jazzy/share/ament_cmake_ros/cmake)
[10.979s] -- Using all available rosidl_typesupport_c: rosidl_typesupport_fastrtps_c;rosidl_typesupport_introspection_c
[15.785s] -- Using all available rosidl_typesupport_cpp: rosidl_typesupport_fastrtps_cpp;rosidl_typesupport_introspection_cpp
[15.796s] -- Found python_cmake_module: 0.11.1 (/opt/ros/jazzy/share/python_cmake_module/cmake)
[16.790s] -- Found PythonExtra: /home/samuel/.pyenv/shims/python3  
[19.181s] -- Found Python3: /home/samuel/.pyenv/shims/python3 (found version "3.12.3") found components: Interpreter Development NumPy Development.Module Development.Embed 
[19.726s] -- Found Python3: /home/samuel/.pyenv/shims/python3 (found version "3.12.3") found components: Interpreter 
[19.739s] -- Found ament_lint_auto: 0.17.5 (/opt/ros/jazzy/share/ament_lint_auto/cmake)
[19.881s] -- Added test 'cppcheck' to perform static code analysis on C / C++ code
[19.882s] -- Configured cppcheck include dirs: 
[19.882s] -- Configured cppcheck exclude dirs and/or files: 
[19.893s] -- Added test 'flake8' to check Python code syntax and style conventions
[19.893s] -- Configured 'flake8' exclude dirs and/or files: 
[19.911s] -- Added test 'lint_cmake' to check CMake code style
[19.921s] -- Added test 'pep257' to check Python code against some of the docstring style conventions in PEP 257
[19.993s] -- Added test 'uncrustify' to check C / C++ code style
[19.993s] -- Configured uncrustify additional arguments: 
[20.003s] -- Added test 'xmllint' to check XML markup files
[20.011s] -- Configuring done (20.0s)
[20.118s] -- Generating done (0.1s)
[20.149s] -- Build files have been written to: /home/samuel/uchile_robotics_jaime/build/jaime_interfaces
[20.174s] Invoked command in '/home/samuel/uchile_robotics_jaime/build/jaime_interfaces' returned '0': CMAKE_PREFIX_PATH=${CMAKE_PREFIX_PATH}:/opt/ros/jazzy DEBUGINFOD_URLS=https://debuginfod.ubuntu.com /usr/bin/cmake /home/samuel/uchile_robotics_jaime/jaime_interfaces -DCMAKE_INSTALL_PREFIX=/home/samuel/uchile_robotics_jaime/install/jaime_interfaces
[20.177s] Invoking command in '/home/samuel/uchile_robotics_jaime/build/jaime_interfaces': CMAKE_PREFIX_PATH=${CMAKE_PREFIX_PATH}:/opt/ros/jazzy DEBUGINFOD_URLS=https://debuginfod.ubuntu.com /usr/bin/cmake --build /home/samuel/uchile_robotics_jaime/build/jaime_interfaces -- -j8 -l8
[20.288s] [  2%] [34m[1mGenerating type hashes for ROS interfaces[0m
[20.291s] [  4%] [34m[1mGenerating Rust code for ROS interfaces[0m
[20.321s] [  4%] Built target ament_cmake_python_copy_jaime_interfaces
[20.942s] [  4%] Built target jaime_interfaces__rosidl_generator_type_description
[20.977s] [  6%] [34m[1mGenerating C code for ROS interfaces[0m
[21.009s] [  8%] [34m[1mGenerating C++ code for ROS interfaces[0m
[21.113s] [  8%] Built target jaime_interfaces__rs
[21.147s] running egg_info
[21.152s] creating jaime_interfaces.egg-info
[21.243s] writing jaime_interfaces.egg-info/PKG-INFO
[21.243s] writing dependency_links to jaime_interfaces.egg-info/dependency_links.txt
[21.244s] writing top-level names to jaime_interfaces.egg-info/top_level.txt
[21.244s] writing manifest file 'jaime_interfaces.egg-info/SOURCES.txt'
[21.507s] reading manifest file 'jaime_interfaces.egg-info/SOURCES.txt'
[21.508s] writing manifest file 'jaime_interfaces.egg-info/SOURCES.txt'
[21.569s] [  8%] Built target ament_cmake_python_build_jaime_interfaces_egg
[22.611s] [  8%] Built target jaime_interfaces__cpp
[22.875s] [ 11%] [32mBuilding C object CMakeFiles/jaime_interfaces__rosidl_generator_c.dir/rosidl_generator_c/jaime_interfaces/srv/detail/is_ready__description.c.o[0m
[22.876s] [ 13%] [32mBuilding C object CMakeFiles/jaime_interfaces__rosidl_generator_c.dir/rosidl_generator_c/jaime_interfaces/srv/detail/is_ready__functions.c.o[0m
[22.879s] [ 15%] [32mBuilding C object CMakeFiles/jaime_interfaces__rosidl_generator_c.dir/rosidl_generator_c/jaime_interfaces/action/detail/move_to_pose__description.c.o[0m
[22.882s] [ 17%] [32mBuilding C object CMakeFiles/jaime_interfaces__rosidl_generator_c.dir/rosidl_generator_c/jaime_interfaces/srv/detail/is_ready__type_support.c.o[0m
[22.882s] [ 20%] [32mBuilding C object CMakeFiles/jaime_interfaces__rosidl_generator_c.dir/rosidl_generator_c/jaime_interfaces/action/detail/move_to_pose__functions.c.o[0m
[22.882s] [ 22%] [32mBuilding C object CMakeFiles/jaime_interfaces__rosidl_generator_c.dir/rosidl_generator_c/jaime_interfaces/action/detail/move_to_pose__type_support.c.o[0m
[23.343s] [ 24%] [32m[1mLinking C shared library libjaime_interfaces__rosidl_generator_c.so[0m
[23.437s] [ 24%] Built target jaime_interfaces__rosidl_generator_c
[23.462s] [ 26%] [34m[1mGenerating C introspection for ROS interfaces[0m
[23.468s] [ 28%] [34m[1mGenerating C type support dispatch for ROS interfaces[0m
[23.469s] [ 31%] [34m[1mGenerating C type support for eProsima Fast-RTPS[0m
[23.470s] [ 37%] [34m[1mGenerating C++ type support dispatch for ROS interfaces[0m
[23.470s] [ 37%] [34m[1mGenerating C++ type support for eProsima Fast-RTPS[0m
[23.470s] [ 37%] [34m[1mGenerating C++ introspection for ROS interfaces[0m
[24.797s] [ 40%] [32mBuilding CXX object CMakeFiles/jaime_interfaces__rosidl_typesupport_c.dir/rosidl_typesupport_c/jaime_interfaces/action/move_to_pose__type_support.cpp.o[0m
[24.810s] [ 42%] [32mBuilding CXX object CMakeFiles/jaime_interfaces__rosidl_typesupport_cpp.dir/rosidl_typesupport_cpp/jaime_interfaces/srv/is_ready__type_support.cpp.o[0m
[24.813s] [ 44%] [32mBuilding CXX object CMakeFiles/jaime_interfaces__rosidl_typesupport_c.dir/rosidl_typesupport_c/jaime_interfaces/srv/is_ready__type_support.cpp.o[0m
[24.814s] [ 46%] [32mBuilding CXX object CMakeFiles/jaime_interfaces__rosidl_typesupport_cpp.dir/rosidl_typesupport_cpp/jaime_interfaces/action/move_to_pose__type_support.cpp.o[0m
[25.044s] [ 48%] [32m[1mLinking CXX shared library libjaime_interfaces__rosidl_typesupport_c.so[0m
[25.142s] [ 51%] [32mBuilding CXX object CMakeFiles/jaime_interfaces__rosidl_typesupport_introspection_cpp.dir/rosidl_typesupport_introspection_cpp/jaime_interfaces/srv/detail/is_ready__type_support.cpp.o[0m
[25.165s] [ 53%] [32mBuilding CXX object CMakeFiles/jaime_interfaces__rosidl_typesupport_introspection_cpp.dir/rosidl_typesupport_introspection_cpp/jaime_interfaces/action/detail/move_to_pose__type_support.cpp.o[0m
[25.211s] [ 53%] Built target jaime_interfaces__rosidl_typesupport_c
[25.299s] [ 55%] [32mBuilding C object CMakeFiles/jaime_interfaces__rosidl_typesupport_introspection_c.dir/rosidl_typesupport_introspection_c/jaime_interfaces/srv/detail/is_ready__type_support.c.o[0m
[25.305s] [ 57%] [32mBuilding C object CMakeFiles/jaime_interfaces__rosidl_typesupport_introspection_c.dir/rosidl_typesupport_introspection_c/jaime_interfaces/action/detail/move_to_pose__type_support.c.o[0m
[25.599s] [ 60%] [32m[1mLinking C shared library libjaime_interfaces__rosidl_typesupport_introspection_c.so[0m
[25.745s] [ 60%] Built target jaime_interfaces__rosidl_typesupport_introspection_c
[25.843s] [ 62%] [32mBuilding CXX object CMakeFiles/jaime_interfaces__rosidl_typesupport_fastrtps_cpp.dir/rosidl_typesupport_fastrtps_cpp/jaime_interfaces/action/detail/dds_fastrtps/move_to_pose__type_support.cpp.o[0m
[25.858s] [ 64%] [32mBuilding CXX object CMakeFiles/jaime_interfaces__rosidl_typesupport_fastrtps_cpp.dir/rosidl_typesupport_fastrtps_cpp/jaime_interfaces/srv/detail/dds_fastrtps/is_ready__type_support.cpp.o[0m
[26.102s] [ 66%] [32mBuilding CXX object CMakeFiles/jaime_interfaces__rosidl_typesupport_fastrtps_c.dir/rosidl_typesupport_fastrtps_c/jaime_interfaces/srv/detail/is_ready__type_support_c.cpp.o[0m
[26.111s] [ 68%] [32mBuilding CXX object CMakeFiles/jaime_interfaces__rosidl_typesupport_fastrtps_c.dir/rosidl_typesupport_fastrtps_c/jaime_interfaces/action/detail/move_to_pose__type_support_c.cpp.o[0m
[27.340s] [ 71%] [32m[1mLinking CXX shared library libjaime_interfaces__rosidl_typesupport_cpp.so[0m
[27.607s] [ 71%] Built target jaime_interfaces__rosidl_typesupport_cpp
[27.663s] [ 73%] [32m[1mLinking CXX shared library libjaime_interfaces__rosidl_typesupport_introspection_cpp.so[0m
[27.920s] [ 73%] Built target jaime_interfaces__rosidl_typesupport_introspection_cpp
[28.028s] [ 75%] [32m[1mLinking CXX shared library libjaime_interfaces__rosidl_typesupport_fastrtps_c.so[0m
[28.201s] [ 75%] Built target jaime_interfaces__rosidl_typesupport_fastrtps_c
[28.704s] [ 77%] [32m[1mLinking CXX shared library libjaime_interfaces__rosidl_typesupport_fastrtps_cpp.so[0m
[28.911s] [ 77%] Built target jaime_interfaces__rosidl_typesupport_fastrtps_cpp
[28.962s] [ 77%] Built target jaime_interfaces
[29.014s] [ 80%] [34m[1mGenerating Python code for ROS interfaces[0m
[31.061s] [ 80%] Built target jaime_interfaces__py
[31.118s] [ 84%] [32mBuilding C object CMakeFiles/jaime_interfaces__rosidl_generator_py.dir/rosidl_generator_py/jaime_interfaces/action/_move_to_pose_s.c.o[0m
[31.118s] [ 84%] [32mBuilding C object CMakeFiles/jaime_interfaces__rosidl_generator_py.dir/rosidl_generator_py/jaime_interfaces/srv/_is_ready_s.c.o[0m
[31.596s] [ 86%] [32m[1mLinking C shared library libjaime_interfaces__rosidl_generator_py.so[0m
[31.706s] [ 86%] Built target jaime_interfaces__rosidl_generator_py
[31.749s] [ 93%] [32mBuilding C object CMakeFiles/jaime_interfaces_s__rosidl_typesupport_c.dir/rosidl_generator_py/jaime_interfaces/_jaime_interfaces_s.ep.rosidl_typesupport_c.c.o[0m
[31.749s] [ 93%] [32mBuilding C object CMakeFiles/jaime_interfaces_s__rosidl_typesupport_introspection_c.dir/rosidl_generator_py/jaime_interfaces/_jaime_interfaces_s.ep.rosidl_typesupport_introspection_c.c.o[0m
[31.749s] [ 93%] [32mBuilding C object CMakeFiles/jaime_interfaces_s__rosidl_typesupport_fastrtps_c.dir/rosidl_generator_py/jaime_interfaces/_jaime_interfaces_s.ep.rosidl_typesupport_fastrtps_c.c.o[0m
[32.044s] [ 95%] [32m[1mLinking C shared module rosidl_generator_py/jaime_interfaces/jaime_interfaces_s__rosidl_typesupport_c.so[0m
[32.056s] [ 97%] [32m[1mLinking C shared module rosidl_generator_py/jaime_interfaces/jaime_interfaces_s__rosidl_typesupport_introspection_c.so[0m
[32.062s] [100%] [32m[1mLinking C shared module rosidl_generator_py/jaime_interfaces/jaime_interfaces_s__rosidl_typesupport_fastrtps_c.so[0m
[32.118s] [100%] Built target jaime_interfaces_s__rosidl_typesupport_c
[32.133s] [100%] Built target jaime_interfaces_s__rosidl_typesupport_introspection_c
[32.151s] [100%] Built target jaime_interfaces_s__rosidl_typesupport_fastrtps_c
[32.177s] Invoked command in '/home/samuel/uchile_robotics_jaime/build/jaime_interfaces' returned '0': CMAKE_PREFIX_PATH=${CMAKE_PREFIX_PATH}:/opt/ros/jazzy DEBUGINFOD_URLS=https://debuginfod.ubuntu.com /usr/bin/cmake --build /home/samuel/uchile_robotics_jaime/build/jaime_interfaces -- -j8 -l8
[32.200s] Invoking command in '/home/samuel/uchile_robotics_jaime/build/jaime_interfaces': CMAKE_PREFIX_PATH=${CMAKE_PREFIX_PATH}:/opt/ros/jazzy DEBUGINFOD_URLS=https://debuginfod.ubuntu.com /usr/bin/cmake --install /home/samuel/uchile_robotics_jaime/build/jaime_interfaces
[32.219s] -- Install configuration: ""
[32.220s] -- Installing: /home/samuel/uchile_robotics_jaime/install/jaime_interfaces/share/ament_index/resource_index/rosidl_interfaces/jaime_interfaces
[32.220s] -- Installing: /home/samuel/uchile_robotics_jaime/install/jaime_interfaces/share/jaime_interfaces/srv/IsReady.json
[32.221s] -- Installing: /home/samuel/uchile_robotics_jaime/install/jaime_interfaces/share/jaime_interfaces/action/MoveToPose.json
[32.221s] -- Installing: /home/samuel/uchile_robotics_jaime/install/jaime_interfaces/include/jaime_interfaces/jaime_interfaces
[32.221s] -- Installing: /home/samuel/uchile_robotics_jaime/install/jaime_interfaces/include/jaime_interfaces/jaime_interfaces/srv
[32.222s] -- Installing: /home/samuel/uchile_robotics_jaime/install/jaime_interfaces/include/jaime_interfaces/jaime_interfaces/srv/detail
[32.222s] -- Installing: /home/samuel/uchile_robotics_jaime/install/jaime_interfaces/include/jaime_interfaces/jaime_interfaces/srv/detail/is_ready__type_support.c
[32.223s] -- Installing: /home/samuel/uchile_robotics_jaime/install/jaime_interfaces/include/jaime_interfaces/jaime_interfaces/srv/detail/is_ready__functions.c
[32.223s] -- Installing: /home/samuel/uchile_robotics_jaime/install/jaime_interfaces/include/jaime_interfaces/jaime_interfaces/srv/detail/is_ready__struct.h
[32.223s] -- Installing: /home/samuel/uchile_robotics_jaime/install/jaime_interfaces/include/jaime_interfaces/jaime_interfaces/srv/detail/is_ready__type_support.h
[32.224s] -- Installing: /home/samuel/uchile_robotics_jaime/install/jaime_interfaces/include/jaime_interfaces/jaime_interfaces/srv/detail/is_ready__description.c
[32.224s] -- Installing: /home/samuel/uchile_robotics_jaime/install/jaime_interfaces/include/jaime_interfaces/jaime_interfaces/srv/detail/is_ready__functions.h
[32.224s] -- Installing: /home/samuel/uchile_robotics_jaime/install/jaime_interfaces/include/jaime_interfaces/jaime_interfaces/srv/is_ready.h
[32.225s] -- Installing: /home/samuel/uchile_robotics_jaime/install/jaime_interfaces/include/jaime_interfaces/jaime_interfaces/msg
[32.225s] -- Installing: /home/samuel/uchile_robotics_jaime/install/jaime_interfaces/include/jaime_interfaces/jaime_interfaces/msg/rosidl_generator_c__visibility_control.h
[32.225s] -- Installing: /home/samuel/uchile_robotics_jaime/install/jaime_interfaces/include/jaime_interfaces/jaime_interfaces/action
[32.226s] -- Installing: /home/samuel/uchile_robotics_jaime/install/jaime_interfaces/include/jaime_interfaces/jaime_interfaces/action/detail
[32.226s] -- Installing: /home/samuel/uchile_robotics_jaime/install/jaime_interfaces/include/jaime_interfaces/jaime_interfaces/action/detail/move_to_pose__type_support.c
[32.226s] -- Installing: /home/samuel/uchile_robotics_jaime/install/jaime_interfaces/include/jaime_interfaces/jaime_interfaces/action/detail/move_to_pose__type_support.h
[32.227s] -- Installing: /home/samuel/uchile_robotics_jaime/install/jaime_interfaces/include/jaime_interfaces/jaime_interfaces/action/detail/move_to_pose__struct.h
[32.227s] -- Installing: /home/samuel/uchile_robotics_jaime/install/jaime_interfaces/include/jaime_interfaces/jaime_interfaces/action/detail/move_to_pose__functions.c
[32.227s] -- Installing: /home/samuel/uchile_robotics_jaime/install/jaime_interfaces/include/jaime_interfaces/jaime_interfaces/action/detail/move_to_pose__functions.h
[32.228s] -- Installing: /home/samuel/uchile_robotics_jaime/install/jaime_interfaces/include/jaime_interfaces/jaime_interfaces/action/detail/move_to_pose__description.c
[32.228s] -- Installing: /home/samuel/uchile_robotics_jaime/install/jaime_interfaces/include/jaime_interfaces/jaime_interfaces/action/move_to_pose.h
[32.228s] -- Installing: /home/samuel/uchile_robotics_jaime/install/jaime_interfaces/share/jaime_interfaces/environment/library_path.sh
[32.229s] -- Installing: /home/samuel/uchile_robotics_jaime/install/jaime_interfaces/share/jaime_interfaces/environment/library_path.dsv
[32.229s] -- Installing: /home/samuel/uchile_robotics_jaime/install/jaime_interfaces/lib/libjaime_interfaces__rosidl_generator_c.so
[32.229s] -- Set non-toolchain portion of runtime path of "/home/samuel/uchile_robotics_jaime/install/jaime_interfaces/lib/libjaime_interfaces__rosidl_generator_c.so" to ""
[32.230s] -- Up-to-date: /home/samuel/uchile_robotics_jaime/install/jaime_interfaces/include/jaime_interfaces/jaime_interfaces
[32.230s] -- Up-to-date: /home/samuel/uchile_robotics_jaime/install/jaime_interfaces/include/jaime_interfaces/jaime_interfaces/srv
[32.230s] -- Up-to-date: /home/samuel/uchile_robotics_jaime/install/jaime_interfaces/include/jaime_interfaces/jaime_interfaces/srv/detail
[32.231s] -- Installing: /home/samuel/uchile_robotics_jaime/install/jaime_interfaces/include/jaime_interfaces/jaime_interfaces/srv/detail/is_ready__rosidl_typesupport_fastrtps_c.h
[32.231s] -- Up-to-date: /home/samuel/uchile_robotics_jaime/install/jaime_interfaces/include/jaime_interfaces/jaime_interfaces/msg
[32.231s] -- Installing: /home/samuel/uchile_robotics_jaime/install/jaime_interfaces/include/jaime_interfaces/jaime_interfaces/msg/rosidl_typesupport_fastrtps_c__visibility_control.h
[32.232s] -- Up-to-date: /home/samuel/uchile_robotics_jaime/install/jaime_interfaces/include/jaime_interfaces/jaime_interfaces/action
[32.232s] -- Up-to-date: /home/samuel/uchile_robotics_jaime/install/jaime_interfaces/include/jaime_interfaces/jaime_interfaces/action/detail
[32.232s] -- Installing: /home/samuel/uchile_robotics_jaime/install/jaime_interfaces/include/jaime_interfaces/jaime_interfaces/action/detail/move_to_pose__rosidl_typesupport_fastrtps_c.h
[32.233s] -- Installing: /home/samuel/uchile_robotics_jaime/install/jaime_interfaces/lib/libjaime_interfaces__rosidl_typesupport_fastrtps_c.so
[32.233s] -- Set non-toolchain portion of runtime path of "/home/samuel/uchile_robotics_jaime/install/jaime_interfaces/lib/libjaime_interfaces__rosidl_typesupport_fastrtps_c.so" to ""
[32.233s] -- Up-to-date: /home/samuel/uchile_robotics_jaime/install/jaime_interfaces/include/jaime_interfaces/jaime_interfaces
[32.234s] -- Up-to-date: /home/samuel/uchile_robotics_jaime/install/jaime_interfaces/include/jaime_interfaces/jaime_interfaces/srv
[32.234s] -- Up-to-date: /home/samuel/uchile_robotics_jaime/install/jaime_interfaces/include/jaime_interfaces/jaime_interfaces/srv/detail
[32.235s] -- Installing: /home/samuel/uchile_robotics_jaime/install/jaime_interfaces/include/jaime_interfaces/jaime_interfaces/srv/detail/is_ready__type_support.c
[32.235s] -- Installing: /home/samuel/uchile_robotics_jaime/install/jaime_interfaces/include/jaime_interfaces/jaime_interfaces/srv/detail/is_ready__rosidl_typesupport_introspection_c.h
[32.235s] -- Up-to-date: /home/samuel/uchile_robotics_jaime/install/jaime_interfaces/include/jaime_interfaces/jaime_interfaces/msg
[32.236s] -- Installing: /home/samuel/uchile_robotics_jaime/install/jaime_interfaces/include/jaime_interfaces/jaime_interfaces/msg/rosidl_typesupport_introspection_c__visibility_control.h
[32.236s] -- Up-to-date: /home/samuel/uchile_robotics_jaime/install/jaime_interfaces/include/jaime_interfaces/jaime_interfaces/action
[32.236s] -- Up-to-date: /home/samuel/uchile_robotics_jaime/install/jaime_interfaces/include/jaime_interfaces/jaime_interfaces/action/detail
[32.237s] -- Installing: /home/samuel/uchile_robotics_jaime/install/jaime_interfaces/include/jaime_interfaces/jaime_interfaces/action/detail/move_to_pose__type_support.c
[32.237s] -- Installing: /home/samuel/uchile_robotics_jaime/install/jaime_interfaces/include/jaime_interfaces/jaime_interfaces/action/detail/move_to_pose__rosidl_typesupport_introspection_c.h
[32.238s] -- Installing: /home/samuel/uchile_robotics_jaime/install/jaime_interfaces/lib/libjaime_interfaces__rosidl_typesupport_introspection_c.so
[32.238s] -- Set non-toolchain portion of runtime path of "/home/samuel/uchile_robotics_jaime/install/jaime_interfaces/lib/libjaime_interfaces__rosidl_typesupport_introspection_c.so" to ""
[32.238s] -- Installing: /home/samuel/uchile_robotics_jaime/install/jaime_interfaces/lib/libjaime_interfaces__rosidl_typesupport_c.so
[32.239s] -- Set non-toolchain portion of runtime path of "/home/samuel/uchile_robotics_jaime/install/jaime_interfaces/lib/libjaime_interfaces__rosidl_typesupport_c.so" to ""
[32.239s] -- Up-to-date: /home/samuel/uchile_robotics_jaime/install/jaime_interfaces/include/jaime_interfaces/jaime_interfaces
[32.239s] -- Up-to-date: /home/samuel/uchile_robotics_jaime/install/jaime_interfaces/include/jaime_interfaces/jaime_interfaces/srv
[32.240s] -- Up-to-date: /home/samuel/uchile_robotics_jaime/install/jaime_interfaces/include/jaime_interfaces/jaime_interfaces/srv/detail
[32.240s] -- Installing: /home/samuel/uchile_robotics_jaime/install/jaime_interfaces/include/jaime_interfaces/jaime_interfaces/srv/detail/is_ready__struct.hpp
[32.240s] -- Installing: /home/samuel/uchile_robotics_jaime/install/jaime_interfaces/include/jaime_interfaces/jaime_interfaces/srv/detail/is_ready__type_support.hpp
[32.241s] -- Installing: /home/samuel/uchile_robotics_jaime/install/jaime_interfaces/include/jaime_interfaces/jaime_interfaces/srv/detail/is_ready__traits.hpp
[32.241s] -- Installing: /home/samuel/uchile_robotics_jaime/install/jaime_interfaces/include/jaime_interfaces/jaime_interfaces/srv/detail/is_ready__builder.hpp
[32.241s] -- Installing: /home/samuel/uchile_robotics_jaime/install/jaime_interfaces/include/jaime_interfaces/jaime_interfaces/srv/is_ready.hpp
[32.241s] -- Up-to-date: /home/samuel/uchile_robotics_jaime/install/jaime_interfaces/include/jaime_interfaces/jaime_interfaces/msg
[32.242s] -- Installing: /home/samuel/uchile_robotics_jaime/install/jaime_interfaces/include/jaime_interfaces/jaime_interfaces/msg/rosidl_generator_cpp__visibility_control.hpp
[32.242s] -- Up-to-date: /home/samuel/uchile_robotics_jaime/install/jaime_interfaces/include/jaime_interfaces/jaime_interfaces/action
[32.243s] -- Installing: /home/samuel/uchile_robotics_jaime/install/jaime_interfaces/include/jaime_interfaces/jaime_interfaces/action/move_to_pose.hpp
[32.243s] -- Up-to-date: /home/samuel/uchile_robotics_jaime/install/jaime_interfaces/include/jaime_interfaces/jaime_interfaces/action/detail
[32.243s] -- Installing: /home/samuel/uchile_robotics_jaime/install/jaime_interfaces/include/jaime_interfaces/jaime_interfaces/action/detail/move_to_pose__type_support.hpp
[32.243s] -- Installing: /home/samuel/uchile_robotics_jaime/install/jaime_interfaces/include/jaime_interfaces/jaime_interfaces/action/detail/move_to_pose__builder.hpp
[32.244s] -- Installing: /home/samuel/uchile_robotics_jaime/install/jaime_interfaces/include/jaime_interfaces/jaime_interfaces/action/detail/move_to_pose__traits.hpp
[32.244s] -- Installing: /home/samuel/uchile_robotics_jaime/install/jaime_interfaces/include/jaime_interfaces/jaime_interfaces/action/detail/move_to_pose__struct.hpp
[32.244s] -- Up-to-date: /home/samuel/uchile_robotics_jaime/install/jaime_interfaces/include/jaime_interfaces/jaime_interfaces
[32.245s] -- Up-to-date: /home/samuel/uchile_robotics_jaime/install/jaime_interfaces/include/jaime_interfaces/jaime_interfaces/srv
[32.245s] -- Up-to-date: /home/samuel/uchile_robotics_jaime/install/jaime_interfaces/include/jaime_interfaces/jaime_interfaces/srv/detail
[32.245s] -- Installing: /home/samuel/uchile_robotics_jaime/install/jaime_interfaces/include/jaime_interfaces/jaime_interfaces/srv/detail/is_ready__rosidl_typesupport_fastrtps_cpp.hpp
[32.246s] -- Installing: /home/samuel/uchile_robotics_jaime/install/jaime_interfaces/include/jaime_interfaces/jaime_interfaces/srv/detail/dds_fastrtps
[32.246s] -- Up-to-date: /home/samuel/uchile_robotics_jaime/install/jaime_interfaces/include/jaime_interfaces/jaime_interfaces/msg
[32.246s] -- Installing: /home/samuel/uchile_robotics_jaime/install/jaime_interfaces/include/jaime_interfaces/jaime_interfaces/msg/rosidl_typesupport_fastrtps_cpp__visibility_control.h
[32.247s] -- Up-to-date: /home/samuel/uchile_robotics_jaime/install/jaime_interfaces/include/jaime_interfaces/jaime_interfaces/action
[32.247s] -- Up-to-date: /home/samuel/uchile_robotics_jaime/install/jaime_interfaces/include/jaime_interfaces/jaime_interfaces/action/detail
[32.247s] -- Installing: /home/samuel/uchile_robotics_jaime/install/jaime_interfaces/include/jaime_interfaces/jaime_interfaces/action/detail/move_to_pose__rosidl_typesupport_fastrtps_cpp.hpp
[32.248s] -- Installing: /home/samuel/uchile_robotics_jaime/install/jaime_interfaces/include/jaime_interfaces/jaime_interfaces/action/detail/dds_fastrtps
[32.248s] -- Installing: /home/samuel/uchile_robotics_jaime/install/jaime_interfaces/lib/libjaime_interfaces__rosidl_typesupport_fastrtps_cpp.so
[32.249s] -- Set non-toolchain portion of runtime path of "/home/samuel/uchile_robotics_jaime/install/jaime_interfaces/lib/libjaime_interfaces__rosidl_typesupport_fastrtps_cpp.so" to ""
[32.249s] -- Up-to-date: /home/samuel/uchile_robotics_jaime/install/jaime_interfaces/include/jaime_interfaces/jaime_interfaces
[32.249s] -- Up-to-date: /home/samuel/uchile_robotics_jaime/install/jaime_interfaces/include/jaime_interfaces/jaime_interfaces/srv
[32.250s] -- Up-to-date: /home/samuel/uchile_robotics_jaime/install/jaime_interfaces/include/jaime_interfaces/jaime_interfaces/srv/detail
[32.250s] -- Installing: /home/samuel/uchile_robotics_jaime/install/jaime_interfaces/include/jaime_interfaces/jaime_interfaces/srv/detail/is_ready__rosidl_typesupport_introspection_cpp.hpp
[32.251s] -- Installing: /home/samuel/uchile_robotics_jaime/install/jaime_interfaces/include/jaime_interfaces/jaime_interfaces/srv/detail/is_ready__type_support.cpp
[32.251s] -- Up-to-date: /home/samuel/uchile_robotics_jaime/install/jaime_interfaces/include/jaime_interfaces/jaime_interfaces/action
[32.251s] -- Up-to-date: /home/samuel/uchile_robotics_jaime/install/jaime_interfaces/include/jaime_interfaces/jaime_interfaces/action/detail
[32.252s] -- Installing: /home/samuel/uchile_robotics_jaime/install/jaime_interfaces/include/jaime_interfaces/jaime_interfaces/action/detail/move_to_pose__type_support.cpp
[32.252s] -- Installing: /home/samuel/uchile_robotics_jaime/install/jaime_interfaces/include/jaime_interfaces/jaime_interfaces/action/detail/move_to_pose__rosidl_typesupport_introspection_cpp.hpp
[32.252s] -- Installing: /home/samuel/uchile_robotics_jaime/install/jaime_interfaces/lib/libjaime_interfaces__rosidl_typesupport_introspection_cpp.so
[32.252s] -- Set non-toolchain portion of runtime path of "/home/samuel/uchile_robotics_jaime/install/jaime_interfaces/lib/libjaime_interfaces__rosidl_typesupport_introspection_cpp.so" to ""
[32.253s] -- Installing: /home/samuel/uchile_robotics_jaime/install/jaime_interfaces/lib/libjaime_interfaces__rosidl_typesupport_cpp.so
[32.253s] -- Set non-toolchain portion of runtime path of "/home/samuel/uchile_robotics_jaime/install/jaime_interfaces/lib/libjaime_interfaces__rosidl_typesupport_cpp.so" to ""
[32.253s] -- Installing: /home/samuel/uchile_robotics_jaime/install/jaime_interfaces/share/jaime_interfaces/environment/pythonpath.sh
[32.254s] -- Installing: /home/samuel/uchile_robotics_jaime/install/jaime_interfaces/share/jaime_interfaces/environment/pythonpath.dsv
[32.254s] -- Installing: /home/samuel/uchile_robotics_jaime/install/jaime_interfaces/lib/python3.12/site-packages/jaime_interfaces-0.0.0-py3.12.egg-info
[32.254s] -- Installing: /home/samuel/uchile_robotics_jaime/install/jaime_interfaces/lib/python3.12/site-packages/jaime_interfaces-0.0.0-py3.12.egg-info/top_level.txt
[32.255s] -- Installing: /home/samuel/uchile_robotics_jaime/install/jaime_interfaces/lib/python3.12/site-packages/jaime_interfaces-0.0.0-py3.12.egg-info/PKG-INFO
[32.255s] -- Installing: /home/samuel/uchile_robotics_jaime/install/jaime_interfaces/lib/python3.12/site-packages/jaime_interfaces-0.0.0-py3.12.egg-info/SOURCES.txt
[32.255s] -- Installing: /home/samuel/uchile_robotics_jaime/install/jaime_interfaces/lib/python3.12/site-packages/jaime_interfaces-0.0.0-py3.12.egg-info/dependency_links.txt
[32.255s] -- Installing: /home/samuel/uchile_robotics_jaime/install/jaime_interfaces/lib/python3.12/site-packages/jaime_interfaces
[32.255s] -- Installing: /home/samuel/uchile_robotics_jaime/install/jaime_interfaces/lib/python3.12/site-packages/jaime_interfaces/jaime_interfaces_s__rosidl_typesupport_fastrtps_c.so
[32.256s] -- Installing: /home/samuel/uchile_robotics_jaime/install/jaime_interfaces/lib/python3.12/site-packages/jaime_interfaces/srv
[32.256s] -- Installing: /home/samuel/uchile_robotics_jaime/install/jaime_interfaces/lib/python3.12/site-packages/jaime_interfaces/srv/__init__.py
[32.256s] -- Installing: /home/samuel/uchile_robotics_jaime/install/jaime_interfaces/lib/python3.12/site-packages/jaime_interfaces/srv/_is_ready.py
[32.256s] -- Installing: /home/samuel/uchile_robotics_jaime/install/jaime_interfaces/lib/python3.12/site-packages/jaime_interfaces/srv/_is_ready_s.c
[32.256s] -- Installing: /home/samuel/uchile_robotics_jaime/install/jaime_interfaces/lib/python3.12/site-packages/jaime_interfaces/_jaime_interfaces_s.ep.rosidl_typesupport_introspection_c.c
[32.256s] -- Installing: /home/samuel/uchile_robotics_jaime/install/jaime_interfaces/lib/python3.12/site-packages/jaime_interfaces/__init__.py
[32.256s] -- Installing: /home/samuel/uchile_robotics_jaime/install/jaime_interfaces/lib/python3.12/site-packages/jaime_interfaces/_jaime_interfaces_s.ep.rosidl_typesupport_fastrtps_c.c
[32.257s] -- Installing: /home/samuel/uchile_robotics_jaime/install/jaime_interfaces/lib/python3.12/site-packages/jaime_interfaces/action
[32.257s] -- Installing: /home/samuel/uchile_robotics_jaime/install/jaime_interfaces/lib/python3.12/site-packages/jaime_interfaces/action/_move_to_pose.py
[32.257s] -- Installing: /home/samuel/uchile_robotics_jaime/install/jaime_interfaces/lib/python3.12/site-packages/jaime_interfaces/action/__init__.py
[32.257s] -- Installing: /home/samuel/uchile_robotics_jaime/install/jaime_interfaces/lib/python3.12/site-packages/jaime_interfaces/action/_move_to_pose_s.c
[32.257s] -- Installing: /home/samuel/uchile_robotics_jaime/install/jaime_interfaces/lib/python3.12/site-packages/jaime_interfaces/_jaime_interfaces_s.ep.rosidl_typesupport_c.c
[32.257s] -- Installing: /home/samuel/uchile_robotics_jaime/install/jaime_interfaces/lib/python3.12/site-packages/jaime_interfaces/jaime_interfaces_s__rosidl_typesupport_c.so
[32.257s] -- Installing: /home/samuel/uchile_robotics_jaime/install/jaime_interfaces/lib/python3.12/site-packages/jaime_interfaces/jaime_interfaces_s__rosidl_typesupport_introspection_c.so
[32.474s] Listing '/home/samuel/uchile_robotics_jaime/install/jaime_interfaces/lib/python3.12/site-packages/jaime_interfaces'...
[32.474s] Compiling '/home/samuel/uchile_robotics_jaime/install/jaime_interfaces/lib/python3.12/site-packages/jaime_interfaces/__init__.py'...
[32.474s] Listing '/home/samuel/uchile_robotics_jaime/install/jaime_interfaces/lib/python3.12/site-packages/jaime_interfaces/action'...
[32.475s] Compiling '/home/samuel/uchile_robotics_jaime/install/jaime_interfaces/lib/python3.12/site-packages/jaime_interfaces/action/__init__.py'...
[32.475s] Compiling '/home/samuel/uchile_robotics_jaime/install/jaime_interfaces/lib/python3.12/site-packages/jaime_interfaces/action/_move_to_pose.py'...
[32.475s] Listing '/home/samuel/uchile_robotics_jaime/install/jaime_interfaces/lib/python3.12/site-packages/jaime_interfaces/srv'...
[32.475s] Compiling '/home/samuel/uchile_robotics_jaime/install/jaime_interfaces/lib/python3.12/site-packages/jaime_interfaces/srv/__init__.py'...
[32.475s] Compiling '/home/samuel/uchile_robotics_jaime/install/jaime_interfaces/lib/python3.12/site-packages/jaime_interfaces/srv/_is_ready.py'...
[32.487s] -- Installing: /home/samuel/uchile_robotics_jaime/install/jaime_interfaces/lib/python3.12/site-packages/jaime_interfaces/jaime_interfaces_s__rosidl_typesupport_fastrtps_c.so
[32.488s] -- Set non-toolchain portion of runtime path of "/home/samuel/uchile_robotics_jaime/install/jaime_interfaces/lib/python3.12/site-packages/jaime_interfaces/jaime_interfaces_s__rosidl_typesupport_fastrtps_c.so" to ""
[32.488s] -- Installing: /home/samuel/uchile_robotics_jaime/install/jaime_interfaces/lib/python3.12/site-packages/jaime_interfaces/jaime_interfaces_s__rosidl_typesupport_introspection_c.so
[32.490s] -- Set non-toolchain portion of runtime path of "/home/samuel/uchile_robotics_jaime/install/jaime_interfaces/lib/python3.12/site-packages/jaime_interfaces/jaime_interfaces_s__rosidl_typesupport_introspection_c.so" to ""
[32.490s] -- Installing: /home/samuel/uchile_robotics_jaime/install/jaime_interfaces/lib/python3.12/site-packages/jaime_interfaces/jaime_interfaces_s__rosidl_typesupport_c.so
[32.491s] -- Set non-toolchain portion of runtime path of "/home/samuel/uchile_robotics_jaime/install/jaime_interfaces/lib/python3.12/site-packages/jaime_interfaces/jaime_interfaces_s__rosidl_typesupport_c.so" to ""
[32.491s] -- Installing: /home/samuel/uchile_robotics_jaime/install/jaime_interfaces/lib/libjaime_interfaces__rosidl_generator_py.so
[32.492s] -- Set non-toolchain portion of runtime path of "/home/samuel/uchile_robotics_jaime/install/jaime_interfaces/lib/libjaime_interfaces__rosidl_generator_py.so" to ""
[32.492s] -- Installing: /home/samuel/uchile_robotics_jaime/install/jaime_interfaces/share/ament_index/resource_index/rust_packages/jaime_interfaces
[32.492s] -- Installing: /home/samuel/uchile_robotics_jaime/install/jaime_interfaces/share/jaime_interfaces/rust
[32.493s] -- Installing: /home/samuel/uchile_robotics_jaime/install/jaime_interfaces/share/jaime_interfaces/rust/src
[32.493s] -- Installing: /home/samuel/uchile_robotics_jaime/install/jaime_interfaces/share/jaime_interfaces/rust/src/action.rs
[32.493s] -- Installing: /home/samuel/uchile_robotics_jaime/install/jaime_interfaces/share/jaime_interfaces/rust/src/lib.rs
[32.493s] -- Installing: /home/samuel/uchile_robotics_jaime/install/jaime_interfaces/share/jaime_interfaces/rust/src/srv
[32.494s] -- Installing: /home/samuel/uchile_robotics_jaime/install/jaime_interfaces/share/jaime_interfaces/rust/src/srv/rmw.rs
[32.494s] -- Installing: /home/samuel/uchile_robotics_jaime/install/jaime_interfaces/share/jaime_interfaces/rust/src/action
[32.494s] -- Installing: /home/samuel/uchile_robotics_jaime/install/jaime_interfaces/share/jaime_interfaces/rust/src/action/rmw.rs
[32.494s] -- Installing: /home/samuel/uchile_robotics_jaime/install/jaime_interfaces/share/jaime_interfaces/rust/src/srv.rs
[32.495s] -- Installing: /home/samuel/uchile_robotics_jaime/install/jaime_interfaces/share/jaime_interfaces/rust/build.rs
[32.495s] -- Installing: /home/samuel/uchile_robotics_jaime/install/jaime_interfaces/share/jaime_interfaces/rust/Cargo.toml
[32.495s] -- Installing: /home/samuel/uchile_robotics_jaime/install/jaime_interfaces/share/jaime_interfaces/srv/IsReady.idl
[32.496s] -- Installing: /home/samuel/uchile_robotics_jaime/install/jaime_interfaces/share/jaime_interfaces/action/MoveToPose.idl
[32.496s] -- Installing: /home/samuel/uchile_robotics_jaime/install/jaime_interfaces/share/jaime_interfaces/srv/IsReady.srv
[32.496s] -- Installing: /home/samuel/uchile_robotics_jaime/install/jaime_interfaces/share/jaime_interfaces/action/MoveToPose.action
[32.497s] -- Installing: /home/samuel/uchile_robotics_jaime/install/jaime_interfaces/share/ament_index/resource_index/package_run_dependencies/jaime_interfaces
[32.497s] -- Installing: /home/samuel/uchile_robotics_jaime/install/jaime_interfaces/share/ament_index/resource_index/parent_prefix_path/jaime_interfaces
[32.497s] -- Installing: /home/samuel/uchile_robotics_jaime/install/jaime_interfaces/share/jaime_interfaces/environment/ament_prefix_path.sh
[32.498s] -- Installing: /home/samuel/uchile_robotics_jaime/install/jaime_interfaces/share/jaime_interfaces/environment/ament_prefix_path.dsv
[32.498s] -- Installing: /home/samuel/uchile_robotics_jaime/install/jaime_interfaces/share/jaime_interfaces/environment/path.sh
[32.499s] -- Installing: /home/samuel/uchile_robotics_jaime/install/jaime_interfaces/share/jaime_interfaces/environment/path.dsv
[32.499s] -- Installing: /home/samuel/uchile_robotics_jaime/install/jaime_interfaces/share/jaime_interfaces/local_setup.bash
[32.499s] -- Installing: /home/samuel/uchile_robotics_jaime/install/jaime_interfaces/share/jaime_interfaces/local_setup.sh
[32.499s] -- Installing: /home/samuel/uchile_robotics_jaime/install/jaime_interfaces/share/jaime_interfaces/local_setup.zsh
[32.500s] -- Installing: /home/samuel/uchile_robotics_jaime/install/jaime_interfaces/share/jaime_interfaces/local_setup.dsv
[32.500s] -- Installing: /home/samuel/uchile_robotics_jaime/install/jaime_interfaces/share/jaime_interfaces/package.dsv
[32.500s] -- Installing: /home/samuel/uchile_robotics_jaime/install/jaime_interfaces/share/ament_index/resource_index/packages/jaime_interfaces
[32.501s] -- Installing: /home/samuel/uchile_robotics_jaime/install/jaime_interfaces/share/jaime_interfaces/cmake/export_jaime_interfaces__rosidl_generator_cExport.cmake
[32.501s] -- Installing: /home/samuel/uchile_robotics_jaime/install/jaime_interfaces/share/jaime_interfaces/cmake/export_jaime_interfaces__rosidl_generator_cExport-noconfig.cmake
[32.502s] -- Installing: /home/samuel/uchile_robotics_jaime/install/jaime_interfaces/share/jaime_interfaces/cmake/export_jaime_interfaces__rosidl_typesupport_fastrtps_cExport.cmake
[32.502s] -- Installing: /home/samuel/uchile_robotics_jaime/install/jaime_interfaces/share/jaime_interfaces/cmake/export_jaime_interfaces__rosidl_typesupport_fastrtps_cExport-noconfig.cmake
[32.502s] -- Installing: /home/samuel/uchile_robotics_jaime/install/jaime_interfaces/share/jaime_interfaces/cmake/jaime_interfaces__rosidl_typesupport_introspection_cExport.cmake
[32.503s] -- Installing: /home/samuel/uchile_robotics_jaime/install/jaime_interfaces/share/jaime_interfaces/cmake/jaime_interfaces__rosidl_typesupport_introspection_cExport-noconfig.cmake
[32.503s] -- Installing: /home/samuel/uchile_robotics_jaime/install/jaime_interfaces/share/jaime_interfaces/cmake/jaime_interfaces__rosidl_typesupport_cExport.cmake
[32.504s] -- Installing: /home/samuel/uchile_robotics_jaime/install/jaime_interfaces/share/jaime_interfaces/cmake/jaime_interfaces__rosidl_typesupport_cExport-noconfig.cmake
[32.504s] -- Installing: /home/samuel/uchile_robotics_jaime/install/jaime_interfaces/share/jaime_interfaces/cmake/export_jaime_interfaces__rosidl_generator_cppExport.cmake
[32.505s] -- Installing: /home/samuel/uchile_robotics_jaime/install/jaime_interfaces/share/jaime_interfaces/cmake/export_jaime_interfaces__rosidl_typesupport_fastrtps_cppExport.cmake
[32.505s] -- Installing: /home/samuel/uchile_robotics_jaime/install/jaime_interfaces/share/jaime_interfaces/cmake/export_jaime_interfaces__rosidl_typesupport_fastrtps_cppExport-noconfig.cmake
[32.506s] -- Installing: /home/samuel/uchile_robotics_jaime/install/jaime_interfaces/share/jaime_interfaces/cmake/jaime_interfaces__rosidl_typesupport_introspection_cppExport.cmake
[32.506s] -- Installing: /home/samuel/uchile_robotics_jaime/install/jaime_interfaces/share/jaime_interfaces/cmake/jaime_interfaces__rosidl_typesupport_introspection_cppExport-noconfig.cmake
[32.506s] -- Installing: /home/samuel/uchile_robotics_jaime/install/jaime_interfaces/share/jaime_interfaces/cmake/jaime_interfaces__rosidl_typesupport_cppExport.cmake
[32.507s] -- Installing: /home/samuel/uchile_robotics_jaime/install/jaime_interfaces/share/jaime_interfaces/cmake/jaime_interfaces__rosidl_typesupport_cppExport-noconfig.cmake
[32.507s] -- Installing: /home/samuel/uchile_robotics_jaime/install/jaime_interfaces/share/jaime_interfaces/cmake/export_jaime_interfaces__rosidl_generator_pyExport.cmake
[32.508s] -- Installing: /home/samuel/uchile_robotics_jaime/install/jaime_interfaces/share/jaime_interfaces/cmake/export_jaime_interfaces__rosidl_generator_pyExport-noconfig.cmake
[32.508s] -- Installing: /home/samuel/uchile_robotics_jaime/install/jaime_interfaces/share/jaime_interfaces/cmake/rosidl_cmake-extras.cmake
[32.509s] -- Installing: /home/samuel/uchile_robotics_jaime/install/jaime_interfaces/share/jaime_interfaces/cmake/ament_cmake_export_dependencies-extras.cmake
[32.509s] -- Installing: /home/samuel/uchile_robotics_jaime/install/jaime_interfaces/share/jaime_interfaces/cmake/ament_cmake_export_include_directories-extras.cmake
[32.509s] -- Installing: /home/samuel/uchile_robotics_jaime/install/jaime_interfaces/share/jaime_interfaces/cmake/ament_cmake_export_libraries-extras.cmake
[32.510s] -- Installing: /home/samuel/uchile_robotics_jaime/install/jaime_interfaces/share/jaime_interfaces/cmake/ament_cmake_export_targets-extras.cmake
[32.510s] -- Installing: /home/samuel/uchile_robotics_jaime/install/jaime_interfaces/share/jaime_interfaces/cmake/rosidl_cmake_export_typesupport_targets-extras.cmake
[32.511s] -- Installing: /home/samuel/uchile_robotics_jaime/install/jaime_interfaces/share/jaime_interfaces/cmake/rosidl_cmake_export_typesupport_libraries-extras.cmake
[32.511s] -- Installing: /home/samuel/uchile_robotics_jaime/install/jaime_interfaces/share/jaime_interfaces/cmake/rosidl_cmake_aggregate_target-extras.cmake
[32.512s] -- Installing: /home/samuel/uchile_robotics_jaime/install/jaime_interfaces/share/jaime_interfaces/cmake/jaime_interfacesConfig.cmake
[32.512s] -- Installing: /home/samuel/uchile_robotics_jaime/install/jaime_interfaces/share/jaime_interfaces/cmake/jaime_interfacesConfig-version.cmake
[32.512s] -- Installing: /home/samuel/uchile_robotics_jaime/install/jaime_interfaces/share/jaime_interfaces/package.xml
[32.517s] Invoked command in '/home/samuel/uchile_robotics_jaime/build/jaime_interfaces' returned '0': CMAKE_PREFIX_PATH=${CMAKE_PREFIX_PATH}:/opt/ros/jazzy DEBUGINFOD_URLS=https://debuginfod.ubuntu.com /usr/bin/cmake --install /home/samuel/uchile_robotics_jaime/build/jaime_interfaces
