[0.099s] DEBUG:colcon:Command line arguments: ['/usr/bin/colcon', 'build', '--symlink-install']
[0.099s] DEBUG:colcon:Parsed command line arguments: Namespace(log_base=None, log_level=None, verb_name='build', build_base='build', install_base='install', merge_install=False, symlink_install=True, test_result_base=None, continue_on_error=False, executor='parallel', parallel_workers=12, event_handlers=None, ignore_user_meta=False, metas=['./colcon.meta'], base_paths=['.'], packages_ignore=None, packages_ignore_regex=None, paths=None, packages_up_to=None, packages_up_to_regex=None, packages_above=None, packages_above_and_dependencies=None, packages_above_depth=None, packages_select_by_dep=None, packages_skip_by_dep=None, packages_skip_up_to=None, packages_select_build_failed=False, packages_skip_build_finished=False, packages_select_test_failures=False, packages_skip_test_passed=False, packages_select=None, packages_skip=None, packages_select_regex=None, packages_skip_regex=None, packages_start=None, packages_end=None, cmake_args=None, cmake_target=None, cmake_target_skip_unavailable=False, cmake_clean_cache=False, cmake_clean_first=False, cmake_force_configure=False, ament_cmake_args=None, catkin_cmake_args=None, catkin_skip_building_tests=False, mixin_files=None, mixin=None, verb_parser=<colcon_mixin.mixin.mixin_argument.MixinArgumentDecorator object at 0x7d8f6a3efbc0>, verb_extension=<colcon_core.verb.build.BuildVerb object at 0x7d8f6a59c500>, main=<bound method BuildVerb.main of <colcon_core.verb.build.BuildVerb object at 0x7d8f6a59c500>>, mixin_verb=('build',))
[0.132s] Level 1:colcon.colcon_core.package_discovery:discover_packages(colcon_meta) check parameters
[0.133s] INFO:colcon.colcon_metadata.package_discovery.colcon_meta:Using configuration from '/root/.colcon/metadata/default/Gazebo.meta'
[0.133s] INFO:colcon.colcon_metadata.package_discovery.colcon_meta:Using configuration from '/root/.colcon/metadata/default/fastdds.meta'
[0.133s] INFO:colcon.colcon_metadata.package_discovery.colcon_meta:Using configuration from '/root/.colcon/metadata/default/fastrtps.meta'
[0.134s] Level 1:colcon.colcon_core.package_discovery:discover_packages(recursive) check parameters
[0.134s] Level 1:colcon.colcon_core.package_discovery:discover_packages(ignore) check parameters
[0.134s] Level 1:colcon.colcon_core.package_discovery:discover_packages(path) check parameters
[0.134s] Level 1:colcon.colcon_core.package_discovery:discover_packages(colcon_meta) discover
[0.134s] Level 1:colcon.colcon_core.package_discovery:discover_packages(recursive) discover
[0.134s] INFO:colcon.colcon_core.package_discovery:Crawling recursively for packages in '/home/jaime_ws/src/jaime_bringup'
[0.134s] Level 1:colcon.colcon_core.package_identification:_identify(.) by extensions ['ignore', 'ignore_ament_install']
[0.134s] Level 1:colcon.colcon_core.package_identification:_identify(.) by extension 'ignore'
[0.134s] Level 1:colcon.colcon_core.package_identification:_identify(.) by extension 'ignore_ament_install'
[0.134s] Level 1:colcon.colcon_core.package_identification:_identify(.) by extensions ['colcon_pkg']
[0.134s] Level 1:colcon.colcon_core.package_identification:_identify(.) by extension 'colcon_pkg'
[0.134s] Level 1:colcon.colcon_core.package_identification:_identify(.) by extensions ['colcon_meta']
[0.134s] Level 1:colcon.colcon_core.package_identification:_identify(.) by extension 'colcon_meta'
[0.134s] Level 1:colcon.colcon_core.package_identification:_identify(.) by extensions ['ros']
[0.134s] Level 1:colcon.colcon_core.package_identification:_identify(.) by extension 'ros'
[0.156s] DEBUG:colcon.colcon_core.package_identification:Package '.' with type 'ros.ament_cmake' and name 'jaime_bringup'
[0.156s] Level 1:colcon.colcon_core.package_discovery:discover_packages(recursive) using defaults
[0.156s] Level 1:colcon.colcon_core.package_discovery:discover_packages(ignore) discover
[0.156s] Level 1:colcon.colcon_core.package_discovery:discover_packages(ignore) using defaults
[0.156s] Level 1:colcon.colcon_core.package_discovery:discover_packages(path) discover
[0.156s] Level 1:colcon.colcon_core.package_discovery:discover_packages(path) using defaults
[0.171s] Level 5:colcon.colcon_core.verb:set package 'jaime_bringup' build argument 'cmake_args' from command line to 'None'
[0.171s] Level 5:colcon.colcon_core.verb:set package 'jaime_bringup' build argument 'cmake_target' from command line to 'None'
[0.171s] Level 5:colcon.colcon_core.verb:set package 'jaime_bringup' build argument 'cmake_target_skip_unavailable' from command line to 'False'
[0.171s] Level 5:colcon.colcon_core.verb:set package 'jaime_bringup' build argument 'cmake_clean_cache' from command line to 'False'
[0.171s] Level 5:colcon.colcon_core.verb:set package 'jaime_bringup' build argument 'cmake_clean_first' from command line to 'False'
[0.171s] Level 5:colcon.colcon_core.verb:set package 'jaime_bringup' build argument 'cmake_force_configure' from command line to 'False'
[0.171s] Level 5:colcon.colcon_core.verb:set package 'jaime_bringup' build argument 'ament_cmake_args' from command line to 'None'
[0.171s] Level 5:colcon.colcon_core.verb:set package 'jaime_bringup' build argument 'catkin_cmake_args' from command line to 'None'
[0.171s] Level 5:colcon.colcon_core.verb:set package 'jaime_bringup' build argument 'catkin_skip_building_tests' from command line to 'False'
[0.171s] DEBUG:colcon.colcon_core.verb:Building package 'jaime_bringup' with the following arguments: {'ament_cmake_args': None, 'build_base': '/home/jaime_ws/src/jaime_bringup/build/jaime_bringup', 'catkin_cmake_args': None, 'catkin_skip_building_tests': False, 'cmake_args': None, 'cmake_clean_cache': False, 'cmake_clean_first': False, 'cmake_force_configure': False, 'cmake_target': None, 'cmake_target_skip_unavailable': False, 'install_base': '/home/jaime_ws/src/jaime_bringup/install/jaime_bringup', 'merge_install': False, 'path': '/home/jaime_ws/src/jaime_bringup', 'symlink_install': True, 'test_result_base': None}
[0.171s] INFO:colcon.colcon_core.executor:Executing jobs using 'parallel' executor
[0.172s] DEBUG:colcon.colcon_parallel_executor.executor.parallel:run_until_complete
[0.172s] INFO:colcon.colcon_ros.task.ament_cmake.build:Building ROS package in '/home/jaime_ws/src/jaime_bringup' with build type 'ament_cmake'
[0.172s] INFO:colcon.colcon_cmake.task.cmake.build:Building CMake package in '/home/jaime_ws/src/jaime_bringup'
[0.174s] INFO:colcon.colcon_core.plugin_system:Skipping extension 'colcon_core.shell.bat': Not used on non-Windows systems
[0.174s] INFO:colcon.colcon_core.shell:Skip shell extension 'powershell' for command environment: Not usable outside of PowerShell
[0.174s] DEBUG:colcon.colcon_core.shell:Skip shell extension 'dsv' for command environment
[0.191s] DEBUG:colcon.colcon_core.event_handler.log_command:Invoking command in '/home/jaime_ws/src/jaime_bringup/build/jaime_bringup': CMAKE_PREFIX_PATH=${CMAKE_PREFIX_PATH}:/home/jaime_ws/install/uchile_navigation:/home/jaime_ws/install/jaime_tablet:/home/jaime_ws/install/jaime_behaviour_trees:/opt/ros/jazzy /usr/bin/cmake /home/jaime_ws/src/jaime_bringup -DAMENT_CMAKE_SYMLINK_INSTALL=1 -DCMAKE_INSTALL_PREFIX=/home/jaime_ws/src/jaime_bringup/install/jaime_bringup
[1.884s] DEBUG:colcon.colcon_core.event_handler.log_command:Invoked command in '/home/jaime_ws/src/jaime_bringup/build/jaime_bringup' returned '0': CMAKE_PREFIX_PATH=${CMAKE_PREFIX_PATH}:/home/jaime_ws/install/uchile_navigation:/home/jaime_ws/install/jaime_tablet:/home/jaime_ws/install/jaime_behaviour_trees:/opt/ros/jazzy /usr/bin/cmake /home/jaime_ws/src/jaime_bringup -DAMENT_CMAKE_SYMLINK_INSTALL=1 -DCMAKE_INSTALL_PREFIX=/home/jaime_ws/src/jaime_bringup/install/jaime_bringup
[1.885s] DEBUG:colcon.colcon_core.event_handler.log_command:Invoking command in '/home/jaime_ws/src/jaime_bringup/build/jaime_bringup': CMAKE_PREFIX_PATH=${CMAKE_PREFIX_PATH}:/home/jaime_ws/install/uchile_navigation:/home/jaime_ws/install/jaime_tablet:/home/jaime_ws/install/jaime_behaviour_trees:/opt/ros/jazzy /usr/bin/cmake --build /home/jaime_ws/src/jaime_bringup/build/jaime_bringup -- -j12 -l12
[1.945s] DEBUG:colcon.colcon_core.event_handler.log_command:Invoked command in '/home/jaime_ws/src/jaime_bringup/build/jaime_bringup' returned '0': CMAKE_PREFIX_PATH=${CMAKE_PREFIX_PATH}:/home/jaime_ws/install/uchile_navigation:/home/jaime_ws/install/jaime_tablet:/home/jaime_ws/install/jaime_behaviour_trees:/opt/ros/jazzy /usr/bin/cmake --build /home/jaime_ws/src/jaime_bringup/build/jaime_bringup -- -j12 -l12
[1.959s] DEBUG:colcon.colcon_core.event_handler.log_command:Invoking command in '/home/jaime_ws/src/jaime_bringup/build/jaime_bringup': CMAKE_PREFIX_PATH=${CMAKE_PREFIX_PATH}:/home/jaime_ws/install/uchile_navigation:/home/jaime_ws/install/jaime_tablet:/home/jaime_ws/install/jaime_behaviour_trees:/opt/ros/jazzy /usr/bin/cmake --install /home/jaime_ws/src/jaime_bringup/build/jaime_bringup
[3.089s] Level 1:colcon.colcon_core.environment:create_environment_scripts_only(jaime_bringup)
[3.089s] DEBUG:colcon.colcon_core.event_handler.log_command:Invoked command in '/home/jaime_ws/src/jaime_bringup/build/jaime_bringup' returned '0': CMAKE_PREFIX_PATH=${CMAKE_PREFIX_PATH}:/home/jaime_ws/install/uchile_navigation:/home/jaime_ws/install/jaime_tablet:/home/jaime_ws/install/jaime_behaviour_trees:/opt/ros/jazzy /usr/bin/cmake --install /home/jaime_ws/src/jaime_bringup/build/jaime_bringup
[3.091s] Level 1:colcon.colcon_core.environment:checking '/home/jaime_ws/src/jaime_bringup/install/jaime_bringup' for CMake module files
[3.092s] Level 1:colcon.colcon_core.environment:checking '/home/jaime_ws/src/jaime_bringup/install/jaime_bringup' for CMake config files
[3.093s] Level 1:colcon.colcon_core.shell:create_environment_hook('jaime_bringup', 'cmake_prefix_path')
[3.093s] INFO:colcon.colcon_core.shell:Creating environment hook '/home/jaime_ws/src/jaime_bringup/install/jaime_bringup/share/jaime_bringup/hook/cmake_prefix_path.ps1'
[3.094s] INFO:colcon.colcon_core.shell:Creating environment descriptor '/home/jaime_ws/src/jaime_bringup/install/jaime_bringup/share/jaime_bringup/hook/cmake_prefix_path.dsv'
[3.094s] INFO:colcon.colcon_core.shell:Creating environment hook '/home/jaime_ws/src/jaime_bringup/install/jaime_bringup/share/jaime_bringup/hook/cmake_prefix_path.sh'
[3.095s] Level 1:colcon.colcon_core.environment:checking '/home/jaime_ws/src/jaime_bringup/install/jaime_bringup/lib'
[3.095s] Level 1:colcon.colcon_core.environment:checking '/home/jaime_ws/src/jaime_bringup/install/jaime_bringup/bin'
[3.095s] Level 1:colcon.colcon_core.environment:checking '/home/jaime_ws/src/jaime_bringup/install/jaime_bringup/lib/pkgconfig/jaime_bringup.pc'
[3.097s] Level 1:colcon.colcon_core.environment:checking '/home/jaime_ws/src/jaime_bringup/install/jaime_bringup/lib/python3.12/site-packages'
[3.097s] Level 1:colcon.colcon_core.environment:checking '/home/jaime_ws/src/jaime_bringup/install/jaime_bringup/bin'
[3.097s] INFO:colcon.colcon_core.shell:Creating package script '/home/jaime_ws/src/jaime_bringup/install/jaime_bringup/share/jaime_bringup/package.ps1'
[3.098s] INFO:colcon.colcon_core.shell:Creating package descriptor '/home/jaime_ws/src/jaime_bringup/install/jaime_bringup/share/jaime_bringup/package.dsv'
[3.098s] INFO:colcon.colcon_core.shell:Creating package script '/home/jaime_ws/src/jaime_bringup/install/jaime_bringup/share/jaime_bringup/package.sh'
[3.099s] INFO:colcon.colcon_core.shell:Creating package script '/home/jaime_ws/src/jaime_bringup/install/jaime_bringup/share/jaime_bringup/package.bash'
[3.099s] INFO:colcon.colcon_core.shell:Creating package script '/home/jaime_ws/src/jaime_bringup/install/jaime_bringup/share/jaime_bringup/package.zsh'
[3.100s] Level 1:colcon.colcon_core.environment:create_file_with_runtime_dependencies(/home/jaime_ws/src/jaime_bringup/install/jaime_bringup/share/colcon-core/packages/jaime_bringup)
[3.100s] Level 1:colcon.colcon_core.environment:create_environment_scripts_only(jaime_bringup)
[3.100s] Level 1:colcon.colcon_core.environment:checking '/home/jaime_ws/src/jaime_bringup/install/jaime_bringup' for CMake module files
[3.101s] Level 1:colcon.colcon_core.environment:checking '/home/jaime_ws/src/jaime_bringup/install/jaime_bringup' for CMake config files
[3.102s] Level 1:colcon.colcon_core.shell:create_environment_hook('jaime_bringup', 'cmake_prefix_path')
[3.102s] INFO:colcon.colcon_core.shell:Creating environment hook '/home/jaime_ws/src/jaime_bringup/install/jaime_bringup/share/jaime_bringup/hook/cmake_prefix_path.ps1'
[3.102s] INFO:colcon.colcon_core.shell:Creating environment descriptor '/home/jaime_ws/src/jaime_bringup/install/jaime_bringup/share/jaime_bringup/hook/cmake_prefix_path.dsv'
[3.103s] INFO:colcon.colcon_core.shell:Creating environment hook '/home/jaime_ws/src/jaime_bringup/install/jaime_bringup/share/jaime_bringup/hook/cmake_prefix_path.sh'
[3.103s] Level 1:colcon.colcon_core.environment:checking '/home/jaime_ws/src/jaime_bringup/install/jaime_bringup/lib'
[3.103s] Level 1:colcon.colcon_core.environment:checking '/home/jaime_ws/src/jaime_bringup/install/jaime_bringup/bin'
[3.103s] Level 1:colcon.colcon_core.environment:checking '/home/jaime_ws/src/jaime_bringup/install/jaime_bringup/lib/pkgconfig/jaime_bringup.pc'
[3.103s] Level 1:colcon.colcon_core.environment:checking '/home/jaime_ws/src/jaime_bringup/install/jaime_bringup/lib/python3.12/site-packages'
[3.104s] Level 1:colcon.colcon_core.environment:checking '/home/jaime_ws/src/jaime_bringup/install/jaime_bringup/bin'
[3.104s] INFO:colcon.colcon_core.shell:Creating package script '/home/jaime_ws/src/jaime_bringup/install/jaime_bringup/share/jaime_bringup/package.ps1'
[3.104s] INFO:colcon.colcon_core.shell:Creating package descriptor '/home/jaime_ws/src/jaime_bringup/install/jaime_bringup/share/jaime_bringup/package.dsv'
[3.105s] INFO:colcon.colcon_core.shell:Creating package script '/home/jaime_ws/src/jaime_bringup/install/jaime_bringup/share/jaime_bringup/package.sh'
[3.105s] INFO:colcon.colcon_core.shell:Creating package script '/home/jaime_ws/src/jaime_bringup/install/jaime_bringup/share/jaime_bringup/package.bash'
[3.105s] INFO:colcon.colcon_core.shell:Creating package script '/home/jaime_ws/src/jaime_bringup/install/jaime_bringup/share/jaime_bringup/package.zsh'
[3.106s] Level 1:colcon.colcon_core.environment:create_file_with_runtime_dependencies(/home/jaime_ws/src/jaime_bringup/install/jaime_bringup/share/colcon-core/packages/jaime_bringup)
[3.106s] DEBUG:colcon.colcon_parallel_executor.executor.parallel:closing loop
[3.106s] DEBUG:colcon.colcon_parallel_executor.executor.parallel:loop closed
[3.106s] DEBUG:colcon.colcon_parallel_executor.executor.parallel:run_until_complete finished with '0'
[3.106s] DEBUG:colcon.colcon_core.event_reactor:joining thread
[3.112s] INFO:colcon.colcon_core.plugin_system:Skipping extension 'colcon_notification.desktop_notification.notify_send': Could not find 'notify-send'
[3.112s] INFO:colcon.colcon_core.plugin_system:Skipping extension 'colcon_notification.desktop_notification.terminal_notifier': Not used on non-Darwin systems
[3.112s] INFO:colcon.colcon_core.plugin_system:Skipping extension 'colcon_notification.desktop_notification.win32': Not used on non-Windows systems
[3.112s] INFO:colcon.colcon_notification.desktop_notification:Sending desktop notification using 'notify2'
[3.112s] DEBUG:colcon.colcon_notification.desktop_notification.notify2:Failed to initialize notify2: org.freedesktop.DBus.Error.NotSupported: Unable to autolaunch a dbus-daemon without a $DISPLAY for X11
[3.112s] DEBUG:colcon.colcon_core.event_reactor:joined thread
[3.113s] INFO:colcon.colcon_core.shell:Creating prefix script '/home/jaime_ws/src/jaime_bringup/install/local_setup.ps1'
[3.113s] INFO:colcon.colcon_core.shell:Creating prefix util module '/home/jaime_ws/src/jaime_bringup/install/_local_setup_util_ps1.py'
[3.114s] INFO:colcon.colcon_core.shell:Creating prefix chain script '/home/jaime_ws/src/jaime_bringup/install/setup.ps1'
[3.118s] INFO:colcon.colcon_core.shell:Creating prefix script '/home/jaime_ws/src/jaime_bringup/install/local_setup.sh'
[3.119s] INFO:colcon.colcon_core.shell:Creating prefix util module '/home/jaime_ws/src/jaime_bringup/install/_local_setup_util_sh.py'
[3.119s] INFO:colcon.colcon_core.shell:Creating prefix chain script '/home/jaime_ws/src/jaime_bringup/install/setup.sh'
[3.124s] INFO:colcon.colcon_core.shell:Creating prefix script '/home/jaime_ws/src/jaime_bringup/install/local_setup.bash'
[3.124s] INFO:colcon.colcon_core.shell:Creating prefix chain script '/home/jaime_ws/src/jaime_bringup/install/setup.bash'
[3.128s] INFO:colcon.colcon_core.shell:Creating prefix script '/home/jaime_ws/src/jaime_bringup/install/local_setup.zsh'
[3.129s] INFO:colcon.colcon_core.shell:Creating prefix chain script '/home/jaime_ws/src/jaime_bringup/install/setup.zsh'
