-- The C compiler identification is GNU 13.3.0
-- The CXX compiler identification is GNU 13.3.0
-- Detecting C compiler ABI info
-- Detecting C compiler ABI info - done
-- Check for working C compiler: /usr/bin/cc - skipped
-- Detecting C compile features
-- Detecting C compile features - done
-- Detecting CXX compiler ABI info
-- Detecting CXX compiler ABI info - done
-- Check for working CXX compiler: /usr/bin/c++ - skipped
-- Detecting CXX compile features
-- Detecting CXX compile features - done
-- Found ament_cmake: 2.5.6 (/opt/ros/jazzy/share/ament_cmake/cmake)
-- Found Python3: /home/samuel/.pyenv/shims/python3 (found version "3.12.3") found components: Interpreter 
-- Found rosidl_default_generators: 1.6.1 (/opt/ros/jazzy/share/rosidl_default_generators/cmake)
-- Using all available rosidl_typesupport_c: rosidl_typesupport_fastrtps_c;rosidl_typesupport_introspection_c
-- Using all available rosidl_typesupport_cpp: rosidl_typesupport_fastrtps_cpp;rosidl_typesupport_introspection_cpp
-- Found rosidl_adapter: 4.6.9 (/opt/ros/jazzy/share/rosidl_adapter/cmake)
-- Found ament_cmake_ros: 0.12.1 (/opt/ros/jazzy/share/ament_cmake_ros/cmake)
-- Using all available rosidl_typesupport_c: rosidl_typesupport_fastrtps_c;rosidl_typesupport_introspection_c
-- Using all available rosidl_typesupport_cpp: rosidl_typesupport_fastrtps_cpp;rosidl_typesupport_introspection_cpp
-- Found python_cmake_module: 0.11.1 (/opt/ros/jazzy/share/python_cmake_module/cmake)
-- Found PythonExtra: /home/samuel/.pyenv/shims/python3  
-- Found Python3: /home/samuel/.pyenv/shims/python3 (found version "3.12.3") found components: Interpreter Development NumPy Development.Module Development.Embed 
-- Found Python3: /home/samuel/.pyenv/shims/python3 (found version "3.12.3") found components: Interpreter 
-- Found ament_lint_auto: 0.17.5 (/opt/ros/jazzy/share/ament_lint_auto/cmake)
-- Added test 'cppcheck' to perform static code analysis on C / C++ code
-- Configured cppcheck include dirs: $<BUILD_INTERFACE:/home/samuel/uchile_robotics_jaime/jaime_interfaces/build/jaime_interfaces/rosidl_generator_c>;$<BUILD_INTERFACE:/home/samuel/uchile_robotics_jaime/jaime_interfaces/build/jaime_interfaces/rosidl_typesupport_fastrtps_c>;$<BUILD_INTERFACE:/home/samuel/uchile_robotics_jaime/jaime_interfaces/build/jaime_interfaces/rosidl_typesupport_introspection_c>;$<BUILD_INTERFACE:/home/samuel/uchile_robotics_jaime/jaime_interfaces/build/jaime_interfaces/rosidl_generator_cpp>;$<BUILD_INTERFACE:/home/samuel/uchile_robotics_jaime/jaime_interfaces/build/jaime_interfaces/rosidl_typesupport_fastrtps_cpp>;$<BUILD_INTERFACE:/home/samuel/uchile_robotics_jaime/jaime_interfaces/build/jaime_interfaces/rosidl_typesupport_introspection_cpp>;/home/samuel/uchile_robotics_jaime/jaime_interfaces/build/jaime_interfaces/rosidl_generator_c;/home/samuel/uchile_robotics_jaime/jaime_interfaces/build/jaime_interfaces/rosidl_generator_py
-- Configured cppcheck exclude dirs and/or files: 
-- Added test 'flake8' to check Python code syntax and style conventions
-- Configured 'flake8' exclude dirs and/or files: 
-- Added test 'lint_cmake' to check CMake code style
-- Added test 'pep257' to check Python code against some of the docstring style conventions in PEP 257
-- Added test 'uncrustify' to check C / C++ code style
-- Configured uncrustify additional arguments: 
-- Added test 'xmllint' to check XML markup files
-- Configuring done (17.8s)
-- Generating done (0.1s)
-- Build files have been written to: /home/samuel/uchile_robotics_jaime/jaime_interfaces/build/jaime_interfaces
[  2%] [34m[1mGenerating type hashes for ROS interfaces[0m
[  5%] [34m[1mGenerating Rust code for ROS interfaces[0m
[  5%] Built target ament_cmake_python_copy_jaime_interfaces
[  5%] Built target jaime_interfaces__rosidl_generator_type_description
[  8%] [34m[1mGenerating C code for ROS interfaces[0m
[ 11%] [34m[1mGenerating C++ code for ROS interfaces[0m
[ 11%] Built target jaime_interfaces__rs
running egg_info
creating jaime_interfaces.egg-info
writing jaime_interfaces.egg-info/PKG-INFO
writing dependency_links to jaime_interfaces.egg-info/dependency_links.txt
writing top-level names to jaime_interfaces.egg-info/top_level.txt
writing manifest file 'jaime_interfaces.egg-info/SOURCES.txt'
reading manifest file 'jaime_interfaces.egg-info/SOURCES.txt'
writing manifest file 'jaime_interfaces.egg-info/SOURCES.txt'
[ 11%] Built target ament_cmake_python_build_jaime_interfaces_egg
[ 11%] Built target jaime_interfaces__cpp
[ 20%] [32mBuilding C object CMakeFiles/jaime_interfaces__rosidl_generator_c.dir/rosidl_generator_c/jaime_interfaces/srv/detail/is_ready__functions.c.o[0m
[ 20%] [32mBuilding C object CMakeFiles/jaime_interfaces__rosidl_generator_c.dir/rosidl_generator_c/jaime_interfaces/srv/detail/is_ready__description.c.o[0m
[ 20%] [32mBuilding C object CMakeFiles/jaime_interfaces__rosidl_generator_c.dir/rosidl_generator_c/jaime_interfaces/srv/detail/is_ready__type_support.c.o[0m
[ 22%] [32m[1mLinking C shared library libjaime_interfaces__rosidl_generator_c.so[0m
[ 22%] Built target jaime_interfaces__rosidl_generator_c
[ 28%] [34m[1mGenerating C++ type support for eProsima Fast-RTPS[0m
[ 31%] [34m[1mGenerating C type support dispatch for ROS interfaces[0m
[ 31%] [34m[1mGenerating C++ introspection for ROS interfaces[0m
[ 34%] [34m[1mGenerating C++ type support dispatch for ROS interfaces[0m
[ 37%] [34m[1mGenerating C type support for eProsima Fast-RTPS[0m
[ 40%] [34m[1mGenerating C introspection for ROS interfaces[0m
[ 42%] [32mBuilding CXX object CMakeFiles/jaime_interfaces__rosidl_typesupport_cpp.dir/rosidl_typesupport_cpp/jaime_interfaces/srv/is_ready__type_support.cpp.o[0m
[ 45%] [32mBuilding CXX object CMakeFiles/jaime_interfaces__rosidl_typesupport_fastrtps_c.dir/rosidl_typesupport_fastrtps_c/jaime_interfaces/srv/detail/is_ready__type_support_c.cpp.o[0m
[ 48%] [32mBuilding CXX object CMakeFiles/jaime_interfaces__rosidl_typesupport_c.dir/rosidl_typesupport_c/jaime_interfaces/srv/is_ready__type_support.cpp.o[0m
[ 51%] [32mBuilding CXX object CMakeFiles/jaime_interfaces__rosidl_typesupport_introspection_cpp.dir/rosidl_typesupport_introspection_cpp/jaime_interfaces/srv/detail/is_ready__type_support.cpp.o[0m
[ 54%] [32m[1mLinking CXX shared library libjaime_interfaces__rosidl_typesupport_c.so[0m
[ 57%] [32mBuilding C object CMakeFiles/jaime_interfaces__rosidl_typesupport_introspection_c.dir/rosidl_typesupport_introspection_c/jaime_interfaces/srv/detail/is_ready__type_support.c.o[0m
[ 60%] [32mBuilding CXX object CMakeFiles/jaime_interfaces__rosidl_typesupport_fastrtps_cpp.dir/rosidl_typesupport_fastrtps_cpp/jaime_interfaces/srv/detail/dds_fastrtps/is_ready__type_support.cpp.o[0m
[ 60%] Built target jaime_interfaces__rosidl_typesupport_c
[ 62%] [32m[1mLinking C shared library libjaime_interfaces__rosidl_typesupport_introspection_c.so[0m
[ 62%] Built target jaime_interfaces__rosidl_typesupport_introspection_c
[ 65%] [32m[1mLinking CXX shared library libjaime_interfaces__rosidl_typesupport_cpp.so[0m
[ 65%] Built target jaime_interfaces__rosidl_typesupport_cpp
[ 68%] [32m[1mLinking CXX shared library libjaime_interfaces__rosidl_typesupport_introspection_cpp.so[0m
[ 71%] [32m[1mLinking CXX shared library libjaime_interfaces__rosidl_typesupport_fastrtps_c.so[0m
[ 71%] Built target jaime_interfaces__rosidl_typesupport_introspection_cpp
[ 71%] Built target jaime_interfaces__rosidl_typesupport_fastrtps_c
[ 74%] [32m[1mLinking CXX shared library libjaime_interfaces__rosidl_typesupport_fastrtps_cpp.so[0m
[ 74%] Built target jaime_interfaces__rosidl_typesupport_fastrtps_cpp
[ 74%] Built target jaime_interfaces
[ 77%] [34m[1mGenerating Python code for ROS interfaces[0m
[ 77%] Built target jaime_interfaces__py
[ 80%] [32mBuilding C object CMakeFiles/jaime_interfaces__rosidl_generator_py.dir/rosidl_generator_py/jaime_interfaces/srv/_is_ready_s.c.o[0m
[ 82%] [32m[1mLinking C shared library libjaime_interfaces__rosidl_generator_py.so[0m
[ 82%] Built target jaime_interfaces__rosidl_generator_py
[ 85%] [32mBuilding C object CMakeFiles/jaime_interfaces_s__rosidl_typesupport_introspection_c.dir/rosidl_generator_py/jaime_interfaces/_jaime_interfaces_s.ep.rosidl_typesupport_introspection_c.c.o[0m
[ 91%] [32mBuilding C object CMakeFiles/jaime_interfaces_s__rosidl_typesupport_c.dir/rosidl_generator_py/jaime_interfaces/_jaime_interfaces_s.ep.rosidl_typesupport_c.c.o[0m
[ 91%] [32mBuilding C object CMakeFiles/jaime_interfaces_s__rosidl_typesupport_fastrtps_c.dir/rosidl_generator_py/jaime_interfaces/_jaime_interfaces_s.ep.rosidl_typesupport_fastrtps_c.c.o[0m
[ 94%] [32m[1mLinking C shared module rosidl_generator_py/jaime_interfaces/jaime_interfaces_s__rosidl_typesupport_introspection_c.so[0m
[ 97%] [32m[1mLinking C shared module rosidl_generator_py/jaime_interfaces/jaime_interfaces_s__rosidl_typesupport_c.so[0m
[100%] [32m[1mLinking C shared module rosidl_generator_py/jaime_interfaces/jaime_interfaces_s__rosidl_typesupport_fastrtps_c.so[0m
[100%] Built target jaime_interfaces_s__rosidl_typesupport_introspection_c
[100%] Built target jaime_interfaces_s__rosidl_typesupport_c
[100%] Built target jaime_interfaces_s__rosidl_typesupport_fastrtps_c
-- Install configuration: ""
-- Installing: /home/samuel/uchile_robotics_jaime/jaime_interfaces/install/jaime_interfaces/share/ament_index/resource_index/rosidl_interfaces/jaime_interfaces
-- Installing: /home/samuel/uchile_robotics_jaime/jaime_interfaces/install/jaime_interfaces/share/jaime_interfaces/srv/IsReady.json
-- Installing: /home/samuel/uchile_robotics_jaime/jaime_interfaces/install/jaime_interfaces/include/jaime_interfaces/jaime_interfaces
-- Installing: /home/samuel/uchile_robotics_jaime/jaime_interfaces/install/jaime_interfaces/include/jaime_interfaces/jaime_interfaces/srv
-- Installing: /home/samuel/uchile_robotics_jaime/jaime_interfaces/install/jaime_interfaces/include/jaime_interfaces/jaime_interfaces/srv/detail
-- Installing: /home/samuel/uchile_robotics_jaime/jaime_interfaces/install/jaime_interfaces/include/jaime_interfaces/jaime_interfaces/srv/detail/is_ready__type_support.c
-- Installing: /home/samuel/uchile_robotics_jaime/jaime_interfaces/install/jaime_interfaces/include/jaime_interfaces/jaime_interfaces/srv/detail/is_ready__functions.c
-- Installing: /home/samuel/uchile_robotics_jaime/jaime_interfaces/install/jaime_interfaces/include/jaime_interfaces/jaime_interfaces/srv/detail/is_ready__struct.h
-- Installing: /home/samuel/uchile_robotics_jaime/jaime_interfaces/install/jaime_interfaces/include/jaime_interfaces/jaime_interfaces/srv/detail/is_ready__type_support.h
-- Installing: /home/samuel/uchile_robotics_jaime/jaime_interfaces/install/jaime_interfaces/include/jaime_interfaces/jaime_interfaces/srv/detail/is_ready__description.c
-- Installing: /home/samuel/uchile_robotics_jaime/jaime_interfaces/install/jaime_interfaces/include/jaime_interfaces/jaime_interfaces/srv/detail/is_ready__functions.h
-- Installing: /home/samuel/uchile_robotics_jaime/jaime_interfaces/install/jaime_interfaces/include/jaime_interfaces/jaime_interfaces/srv/is_ready.h
-- Installing: /home/samuel/uchile_robotics_jaime/jaime_interfaces/install/jaime_interfaces/include/jaime_interfaces/jaime_interfaces/msg
-- Installing: /home/samuel/uchile_robotics_jaime/jaime_interfaces/install/jaime_interfaces/include/jaime_interfaces/jaime_interfaces/msg/rosidl_generator_c__visibility_control.h
-- Installing: /home/samuel/uchile_robotics_jaime/jaime_interfaces/install/jaime_interfaces/share/jaime_interfaces/environment/library_path.sh
-- Installing: /home/samuel/uchile_robotics_jaime/jaime_interfaces/install/jaime_interfaces/share/jaime_interfaces/environment/library_path.dsv
-- Installing: /home/samuel/uchile_robotics_jaime/jaime_interfaces/install/jaime_interfaces/lib/libjaime_interfaces__rosidl_generator_c.so
-- Set non-toolchain portion of runtime path of "/home/samuel/uchile_robotics_jaime/jaime_interfaces/install/jaime_interfaces/lib/libjaime_interfaces__rosidl_generator_c.so" to ""
-- Up-to-date: /home/samuel/uchile_robotics_jaime/jaime_interfaces/install/jaime_interfaces/include/jaime_interfaces/jaime_interfaces
-- Up-to-date: /home/samuel/uchile_robotics_jaime/jaime_interfaces/install/jaime_interfaces/include/jaime_interfaces/jaime_interfaces/srv
-- Up-to-date: /home/samuel/uchile_robotics_jaime/jaime_interfaces/install/jaime_interfaces/include/jaime_interfaces/jaime_interfaces/srv/detail
-- Installing: /home/samuel/uchile_robotics_jaime/jaime_interfaces/install/jaime_interfaces/include/jaime_interfaces/jaime_interfaces/srv/detail/is_ready__rosidl_typesupport_fastrtps_c.h
-- Up-to-date: /home/samuel/uchile_robotics_jaime/jaime_interfaces/install/jaime_interfaces/include/jaime_interfaces/jaime_interfaces/msg
-- Installing: /home/samuel/uchile_robotics_jaime/jaime_interfaces/install/jaime_interfaces/include/jaime_interfaces/jaime_interfaces/msg/rosidl_typesupport_fastrtps_c__visibility_control.h
-- Installing: /home/samuel/uchile_robotics_jaime/jaime_interfaces/install/jaime_interfaces/lib/libjaime_interfaces__rosidl_typesupport_fastrtps_c.so
-- Set non-toolchain portion of runtime path of "/home/samuel/uchile_robotics_jaime/jaime_interfaces/install/jaime_interfaces/lib/libjaime_interfaces__rosidl_typesupport_fastrtps_c.so" to ""
-- Up-to-date: /home/samuel/uchile_robotics_jaime/jaime_interfaces/install/jaime_interfaces/include/jaime_interfaces/jaime_interfaces
-- Up-to-date: /home/samuel/uchile_robotics_jaime/jaime_interfaces/install/jaime_interfaces/include/jaime_interfaces/jaime_interfaces/srv
-- Up-to-date: /home/samuel/uchile_robotics_jaime/jaime_interfaces/install/jaime_interfaces/include/jaime_interfaces/jaime_interfaces/srv/detail
-- Installing: /home/samuel/uchile_robotics_jaime/jaime_interfaces/install/jaime_interfaces/include/jaime_interfaces/jaime_interfaces/srv/detail/is_ready__type_support.c
-- Installing: /home/samuel/uchile_robotics_jaime/jaime_interfaces/install/jaime_interfaces/include/jaime_interfaces/jaime_interfaces/srv/detail/is_ready__rosidl_typesupport_introspection_c.h
-- Up-to-date: /home/samuel/uchile_robotics_jaime/jaime_interfaces/install/jaime_interfaces/include/jaime_interfaces/jaime_interfaces/msg
-- Installing: /home/samuel/uchile_robotics_jaime/jaime_interfaces/install/jaime_interfaces/include/jaime_interfaces/jaime_interfaces/msg/rosidl_typesupport_introspection_c__visibility_control.h
-- Installing: /home/samuel/uchile_robotics_jaime/jaime_interfaces/install/jaime_interfaces/lib/libjaime_interfaces__rosidl_typesupport_introspection_c.so
-- Set non-toolchain portion of runtime path of "/home/samuel/uchile_robotics_jaime/jaime_interfaces/install/jaime_interfaces/lib/libjaime_interfaces__rosidl_typesupport_introspection_c.so" to ""
-- Installing: /home/samuel/uchile_robotics_jaime/jaime_interfaces/install/jaime_interfaces/lib/libjaime_interfaces__rosidl_typesupport_c.so
-- Set non-toolchain portion of runtime path of "/home/samuel/uchile_robotics_jaime/jaime_interfaces/install/jaime_interfaces/lib/libjaime_interfaces__rosidl_typesupport_c.so" to ""
-- Up-to-date: /home/samuel/uchile_robotics_jaime/jaime_interfaces/install/jaime_interfaces/include/jaime_interfaces/jaime_interfaces
-- Up-to-date: /home/samuel/uchile_robotics_jaime/jaime_interfaces/install/jaime_interfaces/include/jaime_interfaces/jaime_interfaces/srv
-- Up-to-date: /home/samuel/uchile_robotics_jaime/jaime_interfaces/install/jaime_interfaces/include/jaime_interfaces/jaime_interfaces/srv/detail
-- Installing: /home/samuel/uchile_robotics_jaime/jaime_interfaces/install/jaime_interfaces/include/jaime_interfaces/jaime_interfaces/srv/detail/is_ready__struct.hpp
-- Installing: /home/samuel/uchile_robotics_jaime/jaime_interfaces/install/jaime_interfaces/include/jaime_interfaces/jaime_interfaces/srv/detail/is_ready__type_support.hpp
-- Installing: /home/samuel/uchile_robotics_jaime/jaime_interfaces/install/jaime_interfaces/include/jaime_interfaces/jaime_interfaces/srv/detail/is_ready__traits.hpp
-- Installing: /home/samuel/uchile_robotics_jaime/jaime_interfaces/install/jaime_interfaces/include/jaime_interfaces/jaime_interfaces/srv/detail/is_ready__builder.hpp
-- Installing: /home/samuel/uchile_robotics_jaime/jaime_interfaces/install/jaime_interfaces/include/jaime_interfaces/jaime_interfaces/srv/is_ready.hpp
-- Up-to-date: /home/samuel/uchile_robotics_jaime/jaime_interfaces/install/jaime_interfaces/include/jaime_interfaces/jaime_interfaces/msg
-- Installing: /home/samuel/uchile_robotics_jaime/jaime_interfaces/install/jaime_interfaces/include/jaime_interfaces/jaime_interfaces/msg/rosidl_generator_cpp__visibility_control.hpp
-- Up-to-date: /home/samuel/uchile_robotics_jaime/jaime_interfaces/install/jaime_interfaces/include/jaime_interfaces/jaime_interfaces
-- Up-to-date: /home/samuel/uchile_robotics_jaime/jaime_interfaces/install/jaime_interfaces/include/jaime_interfaces/jaime_interfaces/srv
-- Up-to-date: /home/samuel/uchile_robotics_jaime/jaime_interfaces/install/jaime_interfaces/include/jaime_interfaces/jaime_interfaces/srv/detail
-- Installing: /home/samuel/uchile_robotics_jaime/jaime_interfaces/install/jaime_interfaces/include/jaime_interfaces/jaime_interfaces/srv/detail/is_ready__rosidl_typesupport_fastrtps_cpp.hpp
-- Installing: /home/samuel/uchile_robotics_jaime/jaime_interfaces/install/jaime_interfaces/include/jaime_interfaces/jaime_interfaces/srv/detail/dds_fastrtps
-- Up-to-date: /home/samuel/uchile_robotics_jaime/jaime_interfaces/install/jaime_interfaces/include/jaime_interfaces/jaime_interfaces/msg
-- Installing: /home/samuel/uchile_robotics_jaime/jaime_interfaces/install/jaime_interfaces/include/jaime_interfaces/jaime_interfaces/msg/rosidl_typesupport_fastrtps_cpp__visibility_control.h
-- Installing: /home/samuel/uchile_robotics_jaime/jaime_interfaces/install/jaime_interfaces/lib/libjaime_interfaces__rosidl_typesupport_fastrtps_cpp.so
-- Set non-toolchain portion of runtime path of "/home/samuel/uchile_robotics_jaime/jaime_interfaces/install/jaime_interfaces/lib/libjaime_interfaces__rosidl_typesupport_fastrtps_cpp.so" to ""
-- Up-to-date: /home/samuel/uchile_robotics_jaime/jaime_interfaces/install/jaime_interfaces/include/jaime_interfaces/jaime_interfaces
-- Up-to-date: /home/samuel/uchile_robotics_jaime/jaime_interfaces/install/jaime_interfaces/include/jaime_interfaces/jaime_interfaces/srv
-- Up-to-date: /home/samuel/uchile_robotics_jaime/jaime_interfaces/install/jaime_interfaces/include/jaime_interfaces/jaime_interfaces/srv/detail
-- Installing: /home/samuel/uchile_robotics_jaime/jaime_interfaces/install/jaime_interfaces/include/jaime_interfaces/jaime_interfaces/srv/detail/is_ready__rosidl_typesupport_introspection_cpp.hpp
-- Installing: /home/samuel/uchile_robotics_jaime/jaime_interfaces/install/jaime_interfaces/include/jaime_interfaces/jaime_interfaces/srv/detail/is_ready__type_support.cpp
-- Installing: /home/samuel/uchile_robotics_jaime/jaime_interfaces/install/jaime_interfaces/lib/libjaime_interfaces__rosidl_typesupport_introspection_cpp.so
-- Set non-toolchain portion of runtime path of "/home/samuel/uchile_robotics_jaime/jaime_interfaces/install/jaime_interfaces/lib/libjaime_interfaces__rosidl_typesupport_introspection_cpp.so" to ""
-- Installing: /home/samuel/uchile_robotics_jaime/jaime_interfaces/install/jaime_interfaces/lib/libjaime_interfaces__rosidl_typesupport_cpp.so
-- Set non-toolchain portion of runtime path of "/home/samuel/uchile_robotics_jaime/jaime_interfaces/install/jaime_interfaces/lib/libjaime_interfaces__rosidl_typesupport_cpp.so" to ""
-- Installing: /home/samuel/uchile_robotics_jaime/jaime_interfaces/install/jaime_interfaces/share/jaime_interfaces/environment/pythonpath.sh
-- Installing: /home/samuel/uchile_robotics_jaime/jaime_interfaces/install/jaime_interfaces/share/jaime_interfaces/environment/pythonpath.dsv
-- Installing: /home/samuel/uchile_robotics_jaime/jaime_interfaces/install/jaime_interfaces/lib/python3.12/site-packages/jaime_interfaces-0.0.0-py3.12.egg-info
-- Installing: /home/samuel/uchile_robotics_jaime/jaime_interfaces/install/jaime_interfaces/lib/python3.12/site-packages/jaime_interfaces-0.0.0-py3.12.egg-info/top_level.txt
-- Installing: /home/samuel/uchile_robotics_jaime/jaime_interfaces/install/jaime_interfaces/lib/python3.12/site-packages/jaime_interfaces-0.0.0-py3.12.egg-info/PKG-INFO
-- Installing: /home/samuel/uchile_robotics_jaime/jaime_interfaces/install/jaime_interfaces/lib/python3.12/site-packages/jaime_interfaces-0.0.0-py3.12.egg-info/SOURCES.txt
-- Installing: /home/samuel/uchile_robotics_jaime/jaime_interfaces/install/jaime_interfaces/lib/python3.12/site-packages/jaime_interfaces-0.0.0-py3.12.egg-info/dependency_links.txt
-- Installing: /home/samuel/uchile_robotics_jaime/jaime_interfaces/install/jaime_interfaces/lib/python3.12/site-packages/jaime_interfaces
-- Installing: /home/samuel/uchile_robotics_jaime/jaime_interfaces/install/jaime_interfaces/lib/python3.12/site-packages/jaime_interfaces/jaime_interfaces_s__rosidl_typesupport_fastrtps_c.so
-- Installing: /home/samuel/uchile_robotics_jaime/jaime_interfaces/install/jaime_interfaces/lib/python3.12/site-packages/jaime_interfaces/srv
-- Installing: /home/samuel/uchile_robotics_jaime/jaime_interfaces/install/jaime_interfaces/lib/python3.12/site-packages/jaime_interfaces/srv/__init__.py
-- Installing: /home/samuel/uchile_robotics_jaime/jaime_interfaces/install/jaime_interfaces/lib/python3.12/site-packages/jaime_interfaces/srv/_is_ready.py
-- Installing: /home/samuel/uchile_robotics_jaime/jaime_interfaces/install/jaime_interfaces/lib/python3.12/site-packages/jaime_interfaces/srv/_is_ready_s.c
-- Installing: /home/samuel/uchile_robotics_jaime/jaime_interfaces/install/jaime_interfaces/lib/python3.12/site-packages/jaime_interfaces/_jaime_interfaces_s.ep.rosidl_typesupport_introspection_c.c
-- Installing: /home/samuel/uchile_robotics_jaime/jaime_interfaces/install/jaime_interfaces/lib/python3.12/site-packages/jaime_interfaces/__init__.py
-- Installing: /home/samuel/uchile_robotics_jaime/jaime_interfaces/install/jaime_interfaces/lib/python3.12/site-packages/jaime_interfaces/_jaime_interfaces_s.ep.rosidl_typesupport_fastrtps_c.c
-- Installing: /home/samuel/uchile_robotics_jaime/jaime_interfaces/install/jaime_interfaces/lib/python3.12/site-packages/jaime_interfaces/_jaime_interfaces_s.ep.rosidl_typesupport_c.c
-- Installing: /home/samuel/uchile_robotics_jaime/jaime_interfaces/install/jaime_interfaces/lib/python3.12/site-packages/jaime_interfaces/jaime_interfaces_s__rosidl_typesupport_c.so
-- Installing: /home/samuel/uchile_robotics_jaime/jaime_interfaces/install/jaime_interfaces/lib/python3.12/site-packages/jaime_interfaces/jaime_interfaces_s__rosidl_typesupport_introspection_c.so
Listing '/home/samuel/uchile_robotics_jaime/jaime_interfaces/install/jaime_interfaces/lib/python3.12/site-packages/jaime_interfaces'...
Compiling '/home/samuel/uchile_robotics_jaime/jaime_interfaces/install/jaime_interfaces/lib/python3.12/site-packages/jaime_interfaces/__init__.py'...
Listing '/home/samuel/uchile_robotics_jaime/jaime_interfaces/install/jaime_interfaces/lib/python3.12/site-packages/jaime_interfaces/srv'...
Compiling '/home/samuel/uchile_robotics_jaime/jaime_interfaces/install/jaime_interfaces/lib/python3.12/site-packages/jaime_interfaces/srv/__init__.py'...
Compiling '/home/samuel/uchile_robotics_jaime/jaime_interfaces/install/jaime_interfaces/lib/python3.12/site-packages/jaime_interfaces/srv/_is_ready.py'...
-- Installing: /home/samuel/uchile_robotics_jaime/jaime_interfaces/install/jaime_interfaces/lib/python3.12/site-packages/jaime_interfaces/jaime_interfaces_s__rosidl_typesupport_fastrtps_c.so
-- Set non-toolchain portion of runtime path of "/home/samuel/uchile_robotics_jaime/jaime_interfaces/install/jaime_interfaces/lib/python3.12/site-packages/jaime_interfaces/jaime_interfaces_s__rosidl_typesupport_fastrtps_c.so" to ""
-- Installing: /home/samuel/uchile_robotics_jaime/jaime_interfaces/install/jaime_interfaces/lib/python3.12/site-packages/jaime_interfaces/jaime_interfaces_s__rosidl_typesupport_introspection_c.so
-- Set non-toolchain portion of runtime path of "/home/samuel/uchile_robotics_jaime/jaime_interfaces/install/jaime_interfaces/lib/python3.12/site-packages/jaime_interfaces/jaime_interfaces_s__rosidl_typesupport_introspection_c.so" to ""
-- Installing: /home/samuel/uchile_robotics_jaime/jaime_interfaces/install/jaime_interfaces/lib/python3.12/site-packages/jaime_interfaces/jaime_interfaces_s__rosidl_typesupport_c.so
-- Set non-toolchain portion of runtime path of "/home/samuel/uchile_robotics_jaime/jaime_interfaces/install/jaime_interfaces/lib/python3.12/site-packages/jaime_interfaces/jaime_interfaces_s__rosidl_typesupport_c.so" to ""
-- Installing: /home/samuel/uchile_robotics_jaime/jaime_interfaces/install/jaime_interfaces/lib/libjaime_interfaces__rosidl_generator_py.so
-- Set non-toolchain portion of runtime path of "/home/samuel/uchile_robotics_jaime/jaime_interfaces/install/jaime_interfaces/lib/libjaime_interfaces__rosidl_generator_py.so" to ""
-- Installing: /home/samuel/uchile_robotics_jaime/jaime_interfaces/install/jaime_interfaces/share/ament_index/resource_index/rust_packages/jaime_interfaces
-- Installing: /home/samuel/uchile_robotics_jaime/jaime_interfaces/install/jaime_interfaces/share/jaime_interfaces/rust
-- Installing: /home/samuel/uchile_robotics_jaime/jaime_interfaces/install/jaime_interfaces/share/jaime_interfaces/rust/src
-- Installing: /home/samuel/uchile_robotics_jaime/jaime_interfaces/install/jaime_interfaces/share/jaime_interfaces/rust/src/lib.rs
-- Installing: /home/samuel/uchile_robotics_jaime/jaime_interfaces/install/jaime_interfaces/share/jaime_interfaces/rust/src/srv
-- Installing: /home/samuel/uchile_robotics_jaime/jaime_interfaces/install/jaime_interfaces/share/jaime_interfaces/rust/src/srv/rmw.rs
-- Installing: /home/samuel/uchile_robotics_jaime/jaime_interfaces/install/jaime_interfaces/share/jaime_interfaces/rust/src/srv.rs
-- Installing: /home/samuel/uchile_robotics_jaime/jaime_interfaces/install/jaime_interfaces/share/jaime_interfaces/rust/build.rs
-- Installing: /home/samuel/uchile_robotics_jaime/jaime_interfaces/install/jaime_interfaces/share/jaime_interfaces/rust/Cargo.toml
-- Installing: /home/samuel/uchile_robotics_jaime/jaime_interfaces/install/jaime_interfaces/share/jaime_interfaces/srv/IsReady.idl
-- Installing: /home/samuel/uchile_robotics_jaime/jaime_interfaces/install/jaime_interfaces/share/jaime_interfaces/srv/IsReady.srv
-- Installing: /home/samuel/uchile_robotics_jaime/jaime_interfaces/install/jaime_interfaces/share/ament_index/resource_index/package_run_dependencies/jaime_interfaces
-- Installing: /home/samuel/uchile_robotics_jaime/jaime_interfaces/install/jaime_interfaces/share/ament_index/resource_index/parent_prefix_path/jaime_interfaces
-- Installing: /home/samuel/uchile_robotics_jaime/jaime_interfaces/install/jaime_interfaces/share/jaime_interfaces/environment/ament_prefix_path.sh
-- Installing: /home/samuel/uchile_robotics_jaime/jaime_interfaces/install/jaime_interfaces/share/jaime_interfaces/environment/ament_prefix_path.dsv
-- Installing: /home/samuel/uchile_robotics_jaime/jaime_interfaces/install/jaime_interfaces/share/jaime_interfaces/environment/path.sh
-- Installing: /home/samuel/uchile_robotics_jaime/jaime_interfaces/install/jaime_interfaces/share/jaime_interfaces/environment/path.dsv
-- Installing: /home/samuel/uchile_robotics_jaime/jaime_interfaces/install/jaime_interfaces/share/jaime_interfaces/local_setup.bash
-- Installing: /home/samuel/uchile_robotics_jaime/jaime_interfaces/install/jaime_interfaces/share/jaime_interfaces/local_setup.sh
-- Installing: /home/samuel/uchile_robotics_jaime/jaime_interfaces/install/jaime_interfaces/share/jaime_interfaces/local_setup.zsh
-- Installing: /home/samuel/uchile_robotics_jaime/jaime_interfaces/install/jaime_interfaces/share/jaime_interfaces/local_setup.dsv
-- Installing: /home/samuel/uchile_robotics_jaime/jaime_interfaces/install/jaime_interfaces/share/jaime_interfaces/package.dsv
-- Installing: /home/samuel/uchile_robotics_jaime/jaime_interfaces/install/jaime_interfaces/share/ament_index/resource_index/packages/jaime_interfaces
-- Installing: /home/samuel/uchile_robotics_jaime/jaime_interfaces/install/jaime_interfaces/share/jaime_interfaces/cmake/export_jaime_interfaces__rosidl_generator_cExport.cmake
-- Installing: /home/samuel/uchile_robotics_jaime/jaime_interfaces/install/jaime_interfaces/share/jaime_interfaces/cmake/export_jaime_interfaces__rosidl_generator_cExport-noconfig.cmake
-- Installing: /home/samuel/uchile_robotics_jaime/jaime_interfaces/install/jaime_interfaces/share/jaime_interfaces/cmake/export_jaime_interfaces__rosidl_typesupport_fastrtps_cExport.cmake
-- Installing: /home/samuel/uchile_robotics_jaime/jaime_interfaces/install/jaime_interfaces/share/jaime_interfaces/cmake/export_jaime_interfaces__rosidl_typesupport_fastrtps_cExport-noconfig.cmake
-- Installing: /home/samuel/uchile_robotics_jaime/jaime_interfaces/install/jaime_interfaces/share/jaime_interfaces/cmake/jaime_interfaces__rosidl_typesupport_introspection_cExport.cmake
-- Installing: /home/samuel/uchile_robotics_jaime/jaime_interfaces/install/jaime_interfaces/share/jaime_interfaces/cmake/jaime_interfaces__rosidl_typesupport_introspection_cExport-noconfig.cmake
-- Installing: /home/samuel/uchile_robotics_jaime/jaime_interfaces/install/jaime_interfaces/share/jaime_interfaces/cmake/jaime_interfaces__rosidl_typesupport_cExport.cmake
-- Installing: /home/samuel/uchile_robotics_jaime/jaime_interfaces/install/jaime_interfaces/share/jaime_interfaces/cmake/jaime_interfaces__rosidl_typesupport_cExport-noconfig.cmake
-- Installing: /home/samuel/uchile_robotics_jaime/jaime_interfaces/install/jaime_interfaces/share/jaime_interfaces/cmake/export_jaime_interfaces__rosidl_generator_cppExport.cmake
-- Installing: /home/samuel/uchile_robotics_jaime/jaime_interfaces/install/jaime_interfaces/share/jaime_interfaces/cmake/export_jaime_interfaces__rosidl_typesupport_fastrtps_cppExport.cmake
-- Installing: /home/samuel/uchile_robotics_jaime/jaime_interfaces/install/jaime_interfaces/share/jaime_interfaces/cmake/export_jaime_interfaces__rosidl_typesupport_fastrtps_cppExport-noconfig.cmake
-- Installing: /home/samuel/uchile_robotics_jaime/jaime_interfaces/install/jaime_interfaces/share/jaime_interfaces/cmake/jaime_interfaces__rosidl_typesupport_introspection_cppExport.cmake
-- Installing: /home/samuel/uchile_robotics_jaime/jaime_interfaces/install/jaime_interfaces/share/jaime_interfaces/cmake/jaime_interfaces__rosidl_typesupport_introspection_cppExport-noconfig.cmake
-- Installing: /home/samuel/uchile_robotics_jaime/jaime_interfaces/install/jaime_interfaces/share/jaime_interfaces/cmake/jaime_interfaces__rosidl_typesupport_cppExport.cmake
-- Installing: /home/samuel/uchile_robotics_jaime/jaime_interfaces/install/jaime_interfaces/share/jaime_interfaces/cmake/jaime_interfaces__rosidl_typesupport_cppExport-noconfig.cmake
-- Installing: /home/samuel/uchile_robotics_jaime/jaime_interfaces/install/jaime_interfaces/share/jaime_interfaces/cmake/export_jaime_interfaces__rosidl_generator_pyExport.cmake
-- Installing: /home/samuel/uchile_robotics_jaime/jaime_interfaces/install/jaime_interfaces/share/jaime_interfaces/cmake/export_jaime_interfaces__rosidl_generator_pyExport-noconfig.cmake
-- Installing: /home/samuel/uchile_robotics_jaime/jaime_interfaces/install/jaime_interfaces/share/jaime_interfaces/cmake/rosidl_cmake-extras.cmake
-- Installing: /home/samuel/uchile_robotics_jaime/jaime_interfaces/install/jaime_interfaces/share/jaime_interfaces/cmake/ament_cmake_export_dependencies-extras.cmake
-- Installing: /home/samuel/uchile_robotics_jaime/jaime_interfaces/install/jaime_interfaces/share/jaime_interfaces/cmake/ament_cmake_export_include_directories-extras.cmake
-- Installing: /home/samuel/uchile_robotics_jaime/jaime_interfaces/install/jaime_interfaces/share/jaime_interfaces/cmake/ament_cmake_export_libraries-extras.cmake
-- Installing: /home/samuel/uchile_robotics_jaime/jaime_interfaces/install/jaime_interfaces/share/jaime_interfaces/cmake/ament_cmake_export_targets-extras.cmake
-- Installing: /home/samuel/uchile_robotics_jaime/jaime_interfaces/install/jaime_interfaces/share/jaime_interfaces/cmake/rosidl_cmake_export_typesupport_targets-extras.cmake
-- Installing: /home/samuel/uchile_robotics_jaime/jaime_interfaces/install/jaime_interfaces/share/jaime_interfaces/cmake/rosidl_cmake_export_typesupport_libraries-extras.cmake
-- Installing: /home/samuel/uchile_robotics_jaime/jaime_interfaces/install/jaime_interfaces/share/jaime_interfaces/cmake/rosidl_cmake_aggregate_target-extras.cmake
-- Installing: /home/samuel/uchile_robotics_jaime/jaime_interfaces/install/jaime_interfaces/share/jaime_interfaces/cmake/jaime_interfacesConfig.cmake
-- Installing: /home/samuel/uchile_robotics_jaime/jaime_interfaces/install/jaime_interfaces/share/jaime_interfaces/cmake/jaime_interfacesConfig-version.cmake
-- Installing: /home/samuel/uchile_robotics_jaime/jaime_interfaces/install/jaime_interfaces/share/jaime_interfaces/package.xml
